Sep  1 08:55:02 localhost journal: Runtime journal is using 6.0M (max allowed 48.7M, trying to leave 73.0M free of 481.1M available â†’ current limit 48.7M).
Sep  1 08:55:02 localhost kernel: Initializing cgroup subsys cpuset
Sep  1 08:55:02 localhost kernel: Initializing cgroup subsys cpu
Sep  1 08:55:02 localhost kernel: Initializing cgroup subsys cpuacct
Sep  1 08:55:02 localhost kernel: Linux version 3.10.0-862.el7.x86_64 (builder@kbuilder.dev.centos.org) (gcc version 4.8.5 20150623 (Red Hat 4.8.5-28) (GCC) ) #1 SMP Fri Apr 20 16:44:24 UTC 2018
Sep  1 08:55:02 localhost kernel: Command line: BOOT_IMAGE=/vmlinuz-3.10.0-862.el7.x86_64 root=UUID=edcaff50-034e-4acd-910a-52871d46d346 ro crashkernel=auto rhgb quiet LANG=en_US.UTF-8
Sep  1 08:55:02 localhost kernel: Disabled fast string operations
Sep  1 08:55:02 localhost kernel: e820: BIOS-provided physical RAM map:
Sep  1 08:55:02 localhost kernel: BIOS-e820: [mem 0x0000000000000000-0x000000000009ebff] usable
Sep  1 08:55:02 localhost kernel: BIOS-e820: [mem 0x000000000009ec00-0x000000000009ffff] reserved
Sep  1 08:55:02 localhost kernel: BIOS-e820: [mem 0x00000000000dc000-0x00000000000fffff] reserved
Sep  1 08:55:02 localhost kernel: BIOS-e820: [mem 0x0000000000100000-0x000000003fedffff] usable
Sep  1 08:55:02 localhost kernel: BIOS-e820: [mem 0x000000003fee0000-0x000000003fefefff] ACPI data
Sep  1 08:55:02 localhost kernel: BIOS-e820: [mem 0x000000003feff000-0x000000003fefffff] ACPI NVS
Sep  1 08:55:02 localhost kernel: BIOS-e820: [mem 0x000000003ff00000-0x000000003fffffff] usable
Sep  1 08:55:02 localhost kernel: BIOS-e820: [mem 0x00000000f0000000-0x00000000f7ffffff] reserved
Sep  1 08:55:02 localhost kernel: BIOS-e820: [mem 0x00000000fec00000-0x00000000fec0ffff] reserved
Sep  1 08:55:02 localhost kernel: BIOS-e820: [mem 0x00000000fee00000-0x00000000fee00fff] reserved
Sep  1 08:55:02 localhost kernel: BIOS-e820: [mem 0x00000000fffe0000-0x00000000ffffffff] reserved
Sep  1 08:55:02 localhost kernel: NX (Execute Disable) protection: active
Sep  1 08:55:02 localhost kernel: SMBIOS 2.7 present.
Sep  1 08:55:02 localhost kernel: Hypervisor detected: VMware
Sep  1 08:55:02 localhost kernel: Host bus clock speed read from hypervisor : 66000000 Hz
Sep  1 08:55:02 localhost kernel: e820: last_pfn = 0x40000 max_arch_pfn = 0x400000000
Sep  1 08:55:02 localhost kernel: PAT configuration [0-7]: WB  WC  UC- UC  WB  WP  UC- UC  
Sep  1 08:55:02 localhost kernel: total RAM covered: 3072M
Sep  1 08:55:02 localhost kernel: Found optimal setting for mtrr clean up
Sep  1 08:55:02 localhost kernel: gran_size: 64K #011chunk_size: 64K #011num_reg: 2  #011lose cover RAM: 0G
Sep  1 08:55:02 localhost kernel: found SMP MP-table at [mem 0x000f6a70-0x000f6a7f] mapped at [ffffffffff200a70]
Sep  1 08:55:02 localhost kernel: Using GB pages for direct mapping
Sep  1 08:55:02 localhost kernel: RAMDISK: [mem 0x3484c000-0x3641dfff]
Sep  1 08:55:02 localhost kernel: Early table checksum verification disabled
Sep  1 08:55:02 localhost kernel: ACPI: RSDP 00000000000f6a00 00024 (v02 PTLTD )
Sep  1 08:55:02 localhost kernel: ACPI: XSDT 000000003fee965b 0005C (v01 INTEL  440BX    06040000 VMW  01324272)
Sep  1 08:55:02 localhost kernel: ACPI: FACP 000000003fefee73 000F4 (v04 INTEL  440BX    06040000 PTL  000F4240)
Sep  1 08:55:02 localhost kernel: ACPI: DSDT 000000003feeaa08 1446B (v01 PTLTD  Custom   06040000 MSFT 03000001)
Sep  1 08:55:02 localhost kernel: ACPI: FACS 000000003fefffc0 00040
Sep  1 08:55:02 localhost kernel: ACPI: BOOT 000000003feea9e0 00028 (v01 PTLTD  $SBFTBL$ 06040000  LTP 00000001)
Sep  1 08:55:02 localhost kernel: ACPI: APIC 000000003feea29e 00742 (v01 PTLTD  ? APIC   06040000  LTP 00000000)
Sep  1 08:55:02 localhost kernel: ACPI: MCFG 000000003feea262 0003C (v01 PTLTD  $PCITBL$ 06040000  LTP 00000001)
Sep  1 08:55:02 localhost kernel: ACPI: SRAT 000000003fee9757 008A8 (v02 VMWARE MEMPLUG  06040000 VMW  00000001)
Sep  1 08:55:02 localhost kernel: ACPI: HPET 000000003fee971f 00038 (v01 VMWARE VMW HPET 06040000 VMW  00000001)
Sep  1 08:55:02 localhost kernel: ACPI: WAET 000000003fee96f7 00028 (v01 VMWARE VMW WAET 06040000 VMW  00000001)
Sep  1 08:55:02 localhost kernel: Setting APIC routing to physical flat.
Sep  1 08:55:02 localhost kernel: SRAT: PXM 0 -> APIC 0x00 -> Node 0
Sep  1 08:55:02 localhost kernel: SRAT: PXM 0 -> APIC 0x02 -> Node 0
Sep  1 08:55:02 localhost kernel: SRAT: PXM 0 -> APIC 0x04 -> Node 0
Sep  1 08:55:02 localhost kernel: SRAT: PXM 0 -> APIC 0x06 -> Node 0
Sep  1 08:55:02 localhost kernel: SRAT: PXM 0 -> APIC 0x08 -> Node 0
Sep  1 08:55:02 localhost kernel: SRAT: PXM 0 -> APIC 0x0a -> Node 0
Sep  1 08:55:02 localhost kernel: SRAT: PXM 0 -> APIC 0x0c -> Node 0
Sep  1 08:55:02 localhost kernel: SRAT: PXM 0 -> APIC 0x0e -> Node 0
Sep  1 08:55:02 localhost kernel: SRAT: PXM 0 -> APIC 0x10 -> Node 0
Sep  1 08:55:02 localhost kernel: SRAT: PXM 0 -> APIC 0x12 -> Node 0
Sep  1 08:55:02 localhost kernel: SRAT: PXM 0 -> APIC 0x14 -> Node 0
Sep  1 08:55:02 localhost kernel: SRAT: PXM 0 -> APIC 0x16 -> Node 0
Sep  1 08:55:02 localhost kernel: SRAT: PXM 0 -> APIC 0x18 -> Node 0
Sep  1 08:55:02 localhost kernel: SRAT: PXM 0 -> APIC 0x1a -> Node 0
Sep  1 08:55:02 localhost kernel: SRAT: PXM 0 -> APIC 0x1c -> Node 0
Sep  1 08:55:02 localhost kernel: SRAT: PXM 0 -> APIC 0x1e -> Node 0
Sep  1 08:55:02 localhost kernel: SRAT: PXM 0 -> APIC 0x20 -> Node 0
Sep  1 08:55:02 localhost kernel: SRAT: PXM 0 -> APIC 0x22 -> Node 0
Sep  1 08:55:02 localhost kernel: SRAT: PXM 0 -> APIC 0x24 -> Node 0
Sep  1 08:55:02 localhost kernel: SRAT: PXM 0 -> APIC 0x26 -> Node 0
Sep  1 08:55:02 localhost kernel: SRAT: PXM 0 -> APIC 0x28 -> Node 0
Sep  1 08:55:02 localhost kernel: SRAT: PXM 0 -> APIC 0x2a -> Node 0
Sep  1 08:55:02 localhost kernel: SRAT: PXM 0 -> APIC 0x2c -> Node 0
Sep  1 08:55:02 localhost kernel: SRAT: PXM 0 -> APIC 0x2e -> Node 0
Sep  1 08:55:02 localhost kernel: SRAT: PXM 0 -> APIC 0x30 -> Node 0
Sep  1 08:55:02 localhost kernel: SRAT: PXM 0 -> APIC 0x32 -> Node 0
Sep  1 08:55:02 localhost kernel: SRAT: PXM 0 -> APIC 0x34 -> Node 0
Sep  1 08:55:02 localhost kernel: SRAT: PXM 0 -> APIC 0x36 -> Node 0
Sep  1 08:55:02 localhost kernel: SRAT: PXM 0 -> APIC 0x38 -> Node 0
Sep  1 08:55:02 localhost kernel: SRAT: PXM 0 -> APIC 0x3a -> Node 0
Sep  1 08:55:02 localhost kernel: SRAT: PXM 0 -> APIC 0x3c -> Node 0
Sep  1 08:55:02 localhost kernel: SRAT: PXM 0 -> APIC 0x3e -> Node 0
Sep  1 08:55:02 localhost kernel: SRAT: PXM 0 -> APIC 0x40 -> Node 0
Sep  1 08:55:02 localhost kernel: SRAT: PXM 0 -> APIC 0x42 -> Node 0
Sep  1 08:55:02 localhost kernel: SRAT: PXM 0 -> APIC 0x44 -> Node 0
Sep  1 08:55:02 localhost kernel: SRAT: PXM 0 -> APIC 0x46 -> Node 0
Sep  1 08:55:02 localhost kernel: SRAT: PXM 0 -> APIC 0x48 -> Node 0
Sep  1 08:55:02 localhost kernel: SRAT: PXM 0 -> APIC 0x4a -> Node 0
Sep  1 08:55:02 localhost kernel: SRAT: PXM 0 -> APIC 0x4c -> Node 0
Sep  1 08:55:02 localhost kernel: SRAT: PXM 0 -> APIC 0x4e -> Node 0
Sep  1 08:55:02 localhost kernel: SRAT: PXM 0 -> APIC 0x50 -> Node 0
Sep  1 08:55:02 localhost kernel: SRAT: PXM 0 -> APIC 0x52 -> Node 0
Sep  1 08:55:02 localhost kernel: SRAT: PXM 0 -> APIC 0x54 -> Node 0
Sep  1 08:55:02 localhost kernel: SRAT: PXM 0 -> APIC 0x56 -> Node 0
Sep  1 08:55:02 localhost kernel: SRAT: PXM 0 -> APIC 0x58 -> Node 0
Sep  1 08:55:02 localhost kernel: SRAT: PXM 0 -> APIC 0x5a -> Node 0
Sep  1 08:55:02 localhost kernel: SRAT: PXM 0 -> APIC 0x5c -> Node 0
Sep  1 08:55:02 localhost kernel: SRAT: PXM 0 -> APIC 0x5e -> Node 0
Sep  1 08:55:02 localhost kernel: SRAT: PXM 0 -> APIC 0x60 -> Node 0
Sep  1 08:55:02 localhost kernel: SRAT: PXM 0 -> APIC 0x62 -> Node 0
Sep  1 08:55:02 localhost kernel: SRAT: PXM 0 -> APIC 0x64 -> Node 0
Sep  1 08:55:02 localhost kernel: SRAT: PXM 0 -> APIC 0x66 -> Node 0
Sep  1 08:55:02 localhost kernel: SRAT: PXM 0 -> APIC 0x68 -> Node 0
Sep  1 08:55:02 localhost kernel: SRAT: PXM 0 -> APIC 0x6a -> Node 0
Sep  1 08:55:02 localhost kernel: SRAT: PXM 0 -> APIC 0x6c -> Node 0
Sep  1 08:55:02 localhost kernel: SRAT: PXM 0 -> APIC 0x6e -> Node 0
Sep  1 08:55:02 localhost kernel: SRAT: PXM 0 -> APIC 0x70 -> Node 0
Sep  1 08:55:02 localhost kernel: SRAT: PXM 0 -> APIC 0x72 -> Node 0
Sep  1 08:55:02 localhost kernel: SRAT: PXM 0 -> APIC 0x74 -> Node 0
Sep  1 08:55:02 localhost kernel: SRAT: PXM 0 -> APIC 0x76 -> Node 0
Sep  1 08:55:02 localhost kernel: SRAT: PXM 0 -> APIC 0x78 -> Node 0
Sep  1 08:55:02 localhost kernel: SRAT: PXM 0 -> APIC 0x7a -> Node 0
Sep  1 08:55:02 localhost kernel: SRAT: PXM 0 -> APIC 0x7c -> Node 0
Sep  1 08:55:02 localhost kernel: SRAT: PXM 0 -> APIC 0x7e -> Node 0
Sep  1 08:55:02 localhost kernel: SRAT: PXM 0 -> APIC 0x80 -> Node 0
Sep  1 08:55:02 localhost kernel: SRAT: PXM 0 -> APIC 0x82 -> Node 0
Sep  1 08:55:02 localhost kernel: SRAT: PXM 0 -> APIC 0x84 -> Node 0
Sep  1 08:55:02 localhost kernel: SRAT: PXM 0 -> APIC 0x86 -> Node 0
Sep  1 08:55:02 localhost kernel: SRAT: PXM 0 -> APIC 0x88 -> Node 0
Sep  1 08:55:02 localhost kernel: SRAT: PXM 0 -> APIC 0x8a -> Node 0
Sep  1 08:55:02 localhost kernel: SRAT: PXM 0 -> APIC 0x8c -> Node 0
Sep  1 08:55:02 localhost kernel: SRAT: PXM 0 -> APIC 0x8e -> Node 0
Sep  1 08:55:02 localhost kernel: SRAT: PXM 0 -> APIC 0x90 -> Node 0
Sep  1 08:55:02 localhost kernel: SRAT: PXM 0 -> APIC 0x92 -> Node 0
Sep  1 08:55:02 localhost kernel: SRAT: PXM 0 -> APIC 0x94 -> Node 0
Sep  1 08:55:02 localhost kernel: SRAT: PXM 0 -> APIC 0x96 -> Node 0
Sep  1 08:55:02 localhost kernel: SRAT: PXM 0 -> APIC 0x98 -> Node 0
Sep  1 08:55:02 localhost kernel: SRAT: PXM 0 -> APIC 0x9a -> Node 0
Sep  1 08:55:02 localhost kernel: SRAT: PXM 0 -> APIC 0x9c -> Node 0
Sep  1 08:55:02 localhost kernel: SRAT: PXM 0 -> APIC 0x9e -> Node 0
Sep  1 08:55:02 localhost kernel: SRAT: PXM 0 -> APIC 0xa0 -> Node 0
Sep  1 08:55:02 localhost kernel: SRAT: PXM 0 -> APIC 0xa2 -> Node 0
Sep  1 08:55:02 localhost kernel: SRAT: PXM 0 -> APIC 0xa4 -> Node 0
Sep  1 08:55:02 localhost kernel: SRAT: PXM 0 -> APIC 0xa6 -> Node 0
Sep  1 08:55:02 localhost kernel: SRAT: PXM 0 -> APIC 0xa8 -> Node 0
Sep  1 08:55:02 localhost kernel: SRAT: PXM 0 -> APIC 0xaa -> Node 0
Sep  1 08:55:02 localhost kernel: SRAT: PXM 0 -> APIC 0xac -> Node 0
Sep  1 08:55:02 localhost kernel: SRAT: PXM 0 -> APIC 0xae -> Node 0
Sep  1 08:55:02 localhost kernel: SRAT: PXM 0 -> APIC 0xb0 -> Node 0
Sep  1 08:55:02 localhost kernel: SRAT: PXM 0 -> APIC 0xb2 -> Node 0
Sep  1 08:55:02 localhost kernel: SRAT: PXM 0 -> APIC 0xb4 -> Node 0
Sep  1 08:55:02 localhost kernel: SRAT: PXM 0 -> APIC 0xb6 -> Node 0
Sep  1 08:55:02 localhost kernel: SRAT: PXM 0 -> APIC 0xb8 -> Node 0
Sep  1 08:55:02 localhost kernel: SRAT: PXM 0 -> APIC 0xba -> Node 0
Sep  1 08:55:02 localhost kernel: SRAT: PXM 0 -> APIC 0xbc -> Node 0
Sep  1 08:55:02 localhost kernel: SRAT: PXM 0 -> APIC 0xbe -> Node 0
Sep  1 08:55:02 localhost kernel: SRAT: PXM 0 -> APIC 0xc0 -> Node 0
Sep  1 08:55:02 localhost kernel: SRAT: PXM 0 -> APIC 0xc2 -> Node 0
Sep  1 08:55:02 localhost kernel: SRAT: PXM 0 -> APIC 0xc4 -> Node 0
Sep  1 08:55:02 localhost kernel: SRAT: PXM 0 -> APIC 0xc6 -> Node 0
Sep  1 08:55:02 localhost kernel: SRAT: PXM 0 -> APIC 0xc8 -> Node 0
Sep  1 08:55:02 localhost kernel: SRAT: PXM 0 -> APIC 0xca -> Node 0
Sep  1 08:55:02 localhost kernel: SRAT: PXM 0 -> APIC 0xcc -> Node 0
Sep  1 08:55:02 localhost kernel: SRAT: PXM 0 -> APIC 0xce -> Node 0
Sep  1 08:55:02 localhost kernel: SRAT: PXM 0 -> APIC 0xd0 -> Node 0
Sep  1 08:55:02 localhost kernel: SRAT: PXM 0 -> APIC 0xd2 -> Node 0
Sep  1 08:55:02 localhost kernel: SRAT: PXM 0 -> APIC 0xd4 -> Node 0
Sep  1 08:55:02 localhost kernel: SRAT: PXM 0 -> APIC 0xd6 -> Node 0
Sep  1 08:55:02 localhost kernel: SRAT: PXM 0 -> APIC 0xd8 -> Node 0
Sep  1 08:55:02 localhost kernel: SRAT: PXM 0 -> APIC 0xda -> Node 0
Sep  1 08:55:02 localhost kernel: SRAT: PXM 0 -> APIC 0xdc -> Node 0
Sep  1 08:55:02 localhost kernel: SRAT: PXM 0 -> APIC 0xde -> Node 0
Sep  1 08:55:02 localhost kernel: SRAT: PXM 0 -> APIC 0xe0 -> Node 0
Sep  1 08:55:02 localhost kernel: SRAT: PXM 0 -> APIC 0xe2 -> Node 0
Sep  1 08:55:02 localhost kernel: SRAT: PXM 0 -> APIC 0xe4 -> Node 0
Sep  1 08:55:02 localhost kernel: SRAT: PXM 0 -> APIC 0xe6 -> Node 0
Sep  1 08:55:02 localhost kernel: SRAT: PXM 0 -> APIC 0xe8 -> Node 0
Sep  1 08:55:02 localhost kernel: SRAT: PXM 0 -> APIC 0xea -> Node 0
Sep  1 08:55:02 localhost kernel: SRAT: PXM 0 -> APIC 0xec -> Node 0
Sep  1 08:55:02 localhost kernel: SRAT: PXM 0 -> APIC 0xee -> Node 0
Sep  1 08:55:02 localhost kernel: SRAT: PXM 0 -> APIC 0xf0 -> Node 0
Sep  1 08:55:02 localhost kernel: SRAT: PXM 0 -> APIC 0xf2 -> Node 0
Sep  1 08:55:02 localhost kernel: SRAT: PXM 0 -> APIC 0xf4 -> Node 0
Sep  1 08:55:02 localhost kernel: SRAT: PXM 0 -> APIC 0xf6 -> Node 0
Sep  1 08:55:02 localhost kernel: SRAT: PXM 0 -> APIC 0xf8 -> Node 0
Sep  1 08:55:02 localhost kernel: SRAT: PXM 0 -> APIC 0xfa -> Node 0
Sep  1 08:55:02 localhost kernel: SRAT: PXM 0 -> APIC 0xfc -> Node 0
Sep  1 08:55:02 localhost kernel: SRAT: PXM 0 -> APIC 0xfe -> Node 0
Sep  1 08:55:02 localhost kernel: SRAT: Node 0 PXM 0 [mem 0x00000000-0x0009ffff]
Sep  1 08:55:02 localhost kernel: SRAT: Node 0 PXM 0 [mem 0x00100000-0x3fffffff]
Sep  1 08:55:02 localhost kernel: SRAT: Node 0 PXM 0 [mem 0x40000000-0xbfffffff] hotplug
Sep  1 08:55:02 localhost kernel: NUMA: Node 0 [mem 0x00000000-0x0009ffff] + [mem 0x00100000-0x3fffffff] -> [mem 0x00000000-0x3fffffff]
Sep  1 08:55:02 localhost kernel: NODE_DATA(0) allocated [mem 0x3ffd9000-0x3fffffff]
Sep  1 08:55:02 localhost kernel: crashkernel=auto resulted in zero bytes of reserved memory.
Sep  1 08:55:02 localhost kernel: Zone ranges:
Sep  1 08:55:02 localhost kernel:  DMA      [mem 0x00001000-0x00ffffff]
Sep  1 08:55:02 localhost kernel:  DMA32    [mem 0x01000000-0xffffffff]
Sep  1 08:55:02 localhost kernel:  Normal   empty
Sep  1 08:55:02 localhost kernel: Movable zone start for each node
Sep  1 08:55:02 localhost kernel: Early memory node ranges
Sep  1 08:55:02 localhost kernel:  node   0: [mem 0x00001000-0x0009dfff]
Sep  1 08:55:02 localhost kernel:  node   0: [mem 0x00100000-0x3fedffff]
Sep  1 08:55:02 localhost kernel:  node   0: [mem 0x3ff00000-0x3fffffff]
Sep  1 08:55:02 localhost kernel: Initmem setup node 0 [mem 0x00001000-0x3fffffff]
Sep  1 08:55:02 localhost kernel: ACPI: PM-Timer IO Port: 0x1008
Sep  1 08:55:02 localhost kernel: ACPI: LAPIC (acpi_id[0x00] lapic_id[0x00] enabled)
Sep  1 08:55:02 localhost kernel: ACPI: LAPIC (acpi_id[0x01] lapic_id[0x02] disabled)
Sep  1 08:55:02 localhost kernel: ACPI: LAPIC (acpi_id[0x02] lapic_id[0x04] disabled)
Sep  1 08:55:02 localhost kernel: ACPI: LAPIC (acpi_id[0x03] lapic_id[0x06] disabled)
Sep  1 08:55:02 localhost kernel: ACPI: LAPIC (acpi_id[0x04] lapic_id[0x08] disabled)
Sep  1 08:55:02 localhost kernel: ACPI: LAPIC (acpi_id[0x05] lapic_id[0x0a] disabled)
Sep  1 08:55:02 localhost kernel: ACPI: LAPIC (acpi_id[0x06] lapic_id[0x0c] disabled)
Sep  1 08:55:02 localhost kernel: ACPI: LAPIC (acpi_id[0x07] lapic_id[0x0e] disabled)
Sep  1 08:55:02 localhost kernel: ACPI: LAPIC (acpi_id[0x08] lapic_id[0x10] disabled)
Sep  1 08:55:02 localhost kernel: ACPI: LAPIC (acpi_id[0x09] lapic_id[0x12] disabled)
Sep  1 08:55:02 localhost kernel: ACPI: LAPIC (acpi_id[0x0a] lapic_id[0x14] disabled)
Sep  1 08:55:02 localhost kernel: ACPI: LAPIC (acpi_id[0x0b] lapic_id[0x16] disabled)
Sep  1 08:55:02 localhost kernel: ACPI: LAPIC (acpi_id[0x0c] lapic_id[0x18] disabled)
Sep  1 08:55:02 localhost kernel: ACPI: LAPIC (acpi_id[0x0d] lapic_id[0x1a] disabled)
Sep  1 08:55:02 localhost kernel: ACPI: LAPIC (acpi_id[0x0e] lapic_id[0x1c] disabled)
Sep  1 08:55:02 localhost kernel: ACPI: LAPIC (acpi_id[0x0f] lapic_id[0x1e] disabled)
Sep  1 08:55:02 localhost kernel: ACPI: LAPIC (acpi_id[0x10] lapic_id[0x20] disabled)
Sep  1 08:55:02 localhost kernel: ACPI: LAPIC (acpi_id[0x11] lapic_id[0x22] disabled)
Sep  1 08:55:02 localhost kernel: ACPI: LAPIC (acpi_id[0x12] lapic_id[0x24] disabled)
Sep  1 08:55:02 localhost kernel: ACPI: LAPIC (acpi_id[0x13] lapic_id[0x26] disabled)
Sep  1 08:55:02 localhost kernel: ACPI: LAPIC (acpi_id[0x14] lapic_id[0x28] disabled)
Sep  1 08:55:02 localhost kernel: ACPI: LAPIC (acpi_id[0x15] lapic_id[0x2a] disabled)
Sep  1 08:55:02 localhost kernel: ACPI: LAPIC (acpi_id[0x16] lapic_id[0x2c] disabled)
Sep  1 08:55:02 localhost kernel: ACPI: LAPIC (acpi_id[0x17] lapic_id[0x2e] disabled)
Sep  1 08:55:02 localhost kernel: ACPI: LAPIC (acpi_id[0x18] lapic_id[0x30] disabled)
Sep  1 08:55:02 localhost kernel: ACPI: LAPIC (acpi_id[0x19] lapic_id[0x32] disabled)
Sep  1 08:55:02 localhost kernel: ACPI: LAPIC (acpi_id[0x1a] lapic_id[0x34] disabled)
Sep  1 08:55:02 localhost kernel: ACPI: LAPIC (acpi_id[0x1b] lapic_id[0x36] disabled)
Sep  1 08:55:02 localhost kernel: ACPI: LAPIC (acpi_id[0x1c] lapic_id[0x38] disabled)
Sep  1 08:55:02 localhost kernel: ACPI: LAPIC (acpi_id[0x1d] lapic_id[0x3a] disabled)
Sep  1 08:55:02 localhost kernel: ACPI: LAPIC (acpi_id[0x1e] lapic_id[0x3c] disabled)
Sep  1 08:55:02 localhost kernel: ACPI: LAPIC (acpi_id[0x1f] lapic_id[0x3e] disabled)
Sep  1 08:55:02 localhost kernel: ACPI: LAPIC (acpi_id[0x20] lapic_id[0x40] disabled)
Sep  1 08:55:02 localhost kernel: ACPI: LAPIC (acpi_id[0x21] lapic_id[0x42] disabled)
Sep  1 08:55:02 localhost kernel: ACPI: LAPIC (acpi_id[0x22] lapic_id[0x44] disabled)
Sep  1 08:55:02 localhost kernel: ACPI: LAPIC (acpi_id[0x23] lapic_id[0x46] disabled)
Sep  1 08:55:02 localhost kernel: ACPI: LAPIC (acpi_id[0x24] lapic_id[0x48] disabled)
Sep  1 08:55:02 localhost kernel: ACPI: LAPIC (acpi_id[0x25] lapic_id[0x4a] disabled)
Sep  1 08:55:02 localhost kernel: ACPI: LAPIC (acpi_id[0x26] lapic_id[0x4c] disabled)
Sep  1 08:55:02 localhost kernel: ACPI: LAPIC (acpi_id[0x27] lapic_id[0x4e] disabled)
Sep  1 08:55:02 localhost kernel: ACPI: LAPIC (acpi_id[0x28] lapic_id[0x50] disabled)
Sep  1 08:55:02 localhost kernel: ACPI: LAPIC (acpi_id[0x29] lapic_id[0x52] disabled)
Sep  1 08:55:02 localhost kernel: ACPI: LAPIC (acpi_id[0x2a] lapic_id[0x54] disabled)
Sep  1 08:55:02 localhost kernel: ACPI: LAPIC (acpi_id[0x2b] lapic_id[0x56] disabled)
Sep  1 08:55:02 localhost kernel: ACPI: LAPIC (acpi_id[0x2c] lapic_id[0x58] disabled)
Sep  1 08:55:02 localhost kernel: ACPI: LAPIC (acpi_id[0x2d] lapic_id[0x5a] disabled)
Sep  1 08:55:02 localhost kernel: ACPI: LAPIC (acpi_id[0x2e] lapic_id[0x5c] disabled)
Sep  1 08:55:02 localhost kernel: ACPI: LAPIC (acpi_id[0x2f] lapic_id[0x5e] disabled)
Sep  1 08:55:02 localhost kernel: ACPI: LAPIC (acpi_id[0x30] lapic_id[0x60] disabled)
Sep  1 08:55:02 localhost kernel: ACPI: LAPIC (acpi_id[0x31] lapic_id[0x62] disabled)
Sep  1 08:55:02 localhost kernel: ACPI: LAPIC (acpi_id[0x32] lapic_id[0x64] disabled)
Sep  1 08:55:02 localhost kernel: ACPI: LAPIC (acpi_id[0x33] lapic_id[0x66] disabled)
Sep  1 08:55:02 localhost kernel: ACPI: LAPIC (acpi_id[0x34] lapic_id[0x68] disabled)
Sep  1 08:55:02 localhost kernel: ACPI: LAPIC (acpi_id[0x35] lapic_id[0x6a] disabled)
Sep  1 08:55:02 localhost kernel: ACPI: LAPIC (acpi_id[0x36] lapic_id[0x6c] disabled)
Sep  1 08:55:02 localhost kernel: ACPI: LAPIC (acpi_id[0x37] lapic_id[0x6e] disabled)
Sep  1 08:55:02 localhost kernel: ACPI: LAPIC (acpi_id[0x38] lapic_id[0x70] disabled)
Sep  1 08:55:02 localhost kernel: ACPI: LAPIC (acpi_id[0x39] lapic_id[0x72] disabled)
Sep  1 08:55:02 localhost kernel: ACPI: LAPIC (acpi_id[0x3a] lapic_id[0x74] disabled)
Sep  1 08:55:02 localhost kernel: ACPI: LAPIC (acpi_id[0x3b] lapic_id[0x76] disabled)
Sep  1 08:55:02 localhost kernel: ACPI: LAPIC (acpi_id[0x3c] lapic_id[0x78] disabled)
Sep  1 08:55:02 localhost kernel: ACPI: LAPIC (acpi_id[0x3d] lapic_id[0x7a] disabled)
Sep  1 08:55:02 localhost kernel: ACPI: LAPIC (acpi_id[0x3e] lapic_id[0x7c] disabled)
Sep  1 08:55:02 localhost kernel: ACPI: LAPIC (acpi_id[0x3f] lapic_id[0x7e] disabled)
Sep  1 08:55:02 localhost kernel: ACPI: LAPIC (acpi_id[0x40] lapic_id[0x80] disabled)
Sep  1 08:55:02 localhost kernel: ACPI: LAPIC (acpi_id[0x41] lapic_id[0x82] disabled)
Sep  1 08:55:02 localhost kernel: ACPI: LAPIC (acpi_id[0x42] lapic_id[0x84] disabled)
Sep  1 08:55:02 localhost kernel: ACPI: LAPIC (acpi_id[0x43] lapic_id[0x86] disabled)
Sep  1 08:55:02 localhost kernel: ACPI: LAPIC (acpi_id[0x44] lapic_id[0x88] disabled)
Sep  1 08:55:02 localhost kernel: ACPI: LAPIC (acpi_id[0x45] lapic_id[0x8a] disabled)
Sep  1 08:55:02 localhost kernel: ACPI: LAPIC (acpi_id[0x46] lapic_id[0x8c] disabled)
Sep  1 08:55:02 localhost kernel: ACPI: LAPIC (acpi_id[0x47] lapic_id[0x8e] disabled)
Sep  1 08:55:02 localhost kernel: ACPI: LAPIC (acpi_id[0x48] lapic_id[0x90] disabled)
Sep  1 08:55:02 localhost kernel: ACPI: LAPIC (acpi_id[0x49] lapic_id[0x92] disabled)
Sep  1 08:55:02 localhost kernel: ACPI: LAPIC (acpi_id[0x4a] lapic_id[0x94] disabled)
Sep  1 08:55:02 localhost kernel: ACPI: LAPIC (acpi_id[0x4b] lapic_id[0x96] disabled)
Sep  1 08:55:02 localhost kernel: ACPI: LAPIC (acpi_id[0x4c] lapic_id[0x98] disabled)
Sep  1 08:55:02 localhost kernel: ACPI: LAPIC (acpi_id[0x4d] lapic_id[0x9a] disabled)
Sep  1 08:55:02 localhost kernel: ACPI: LAPIC (acpi_id[0x4e] lapic_id[0x9c] disabled)
Sep  1 08:55:02 localhost kernel: ACPI: LAPIC (acpi_id[0x4f] lapic_id[0x9e] disabled)
Sep  1 08:55:02 localhost kernel: ACPI: LAPIC (acpi_id[0x50] lapic_id[0xa0] disabled)
Sep  1 08:55:02 localhost kernel: ACPI: LAPIC (acpi_id[0x51] lapic_id[0xa2] disabled)
Sep  1 08:55:02 localhost kernel: ACPI: LAPIC (acpi_id[0x52] lapic_id[0xa4] disabled)
Sep  1 08:55:02 localhost kernel: ACPI: LAPIC (acpi_id[0x53] lapic_id[0xa6] disabled)
Sep  1 08:55:02 localhost kernel: ACPI: LAPIC (acpi_id[0x54] lapic_id[0xa8] disabled)
Sep  1 08:55:02 localhost kernel: ACPI: LAPIC (acpi_id[0x55] lapic_id[0xaa] disabled)
Sep  1 08:55:02 localhost kernel: ACPI: LAPIC (acpi_id[0x56] lapic_id[0xac] disabled)
Sep  1 08:55:02 localhost kernel: ACPI: LAPIC (acpi_id[0x57] lapic_id[0xae] disabled)
Sep  1 08:55:02 localhost kernel: ACPI: LAPIC (acpi_id[0x58] lapic_id[0xb0] disabled)
Sep  1 08:55:02 localhost kernel: ACPI: LAPIC (acpi_id[0x59] lapic_id[0xb2] disabled)
Sep  1 08:55:02 localhost kernel: ACPI: LAPIC (acpi_id[0x5a] lapic_id[0xb4] disabled)
Sep  1 08:55:02 localhost kernel: ACPI: LAPIC (acpi_id[0x5b] lapic_id[0xb6] disabled)
Sep  1 08:55:02 localhost kernel: ACPI: LAPIC (acpi_id[0x5c] lapic_id[0xb8] disabled)
Sep  1 08:55:02 localhost kernel: ACPI: LAPIC (acpi_id[0x5d] lapic_id[0xba] disabled)
Sep  1 08:55:02 localhost kernel: ACPI: LAPIC (acpi_id[0x5e] lapic_id[0xbc] disabled)
Sep  1 08:55:02 localhost kernel: ACPI: LAPIC (acpi_id[0x5f] lapic_id[0xbe] disabled)
Sep  1 08:55:02 localhost kernel: ACPI: LAPIC (acpi_id[0x60] lapic_id[0xc0] disabled)
Sep  1 08:55:02 localhost kernel: ACPI: LAPIC (acpi_id[0x61] lapic_id[0xc2] disabled)
Sep  1 08:55:02 localhost kernel: ACPI: LAPIC (acpi_id[0x62] lapic_id[0xc4] disabled)
Sep  1 08:55:02 localhost kernel: ACPI: LAPIC (acpi_id[0x63] lapic_id[0xc6] disabled)
Sep  1 08:55:02 localhost kernel: ACPI: LAPIC (acpi_id[0x64] lapic_id[0xc8] disabled)
Sep  1 08:55:02 localhost kernel: ACPI: LAPIC (acpi_id[0x65] lapic_id[0xca] disabled)
Sep  1 08:55:02 localhost kernel: ACPI: LAPIC (acpi_id[0x66] lapic_id[0xcc] disabled)
Sep  1 08:55:02 localhost kernel: ACPI: LAPIC (acpi_id[0x67] lapic_id[0xce] disabled)
Sep  1 08:55:02 localhost kernel: ACPI: LAPIC (acpi_id[0x68] lapic_id[0xd0] disabled)
Sep  1 08:55:02 localhost kernel: ACPI: LAPIC (acpi_id[0x69] lapic_id[0xd2] disabled)
Sep  1 08:55:02 localhost kernel: ACPI: LAPIC (acpi_id[0x6a] lapic_id[0xd4] disabled)
Sep  1 08:55:02 localhost kernel: ACPI: LAPIC (acpi_id[0x6b] lapic_id[0xd6] disabled)
Sep  1 08:55:02 localhost kernel: ACPI: LAPIC (acpi_id[0x6c] lapic_id[0xd8] disabled)
Sep  1 08:55:02 localhost kernel: ACPI: LAPIC (acpi_id[0x6d] lapic_id[0xda] disabled)
Sep  1 08:55:02 localhost kernel: ACPI: LAPIC (acpi_id[0x6e] lapic_id[0xdc] disabled)
Sep  1 08:55:02 localhost kernel: ACPI: LAPIC (acpi_id[0x6f] lapic_id[0xde] disabled)
Sep  1 08:55:02 localhost kernel: ACPI: LAPIC (acpi_id[0x70] lapic_id[0xe0] disabled)
Sep  1 08:55:02 localhost kernel: ACPI: LAPIC (acpi_id[0x71] lapic_id[0xe2] disabled)
Sep  1 08:55:02 localhost kernel: ACPI: LAPIC (acpi_id[0x72] lapic_id[0xe4] disabled)
Sep  1 08:55:02 localhost kernel: ACPI: LAPIC (acpi_id[0x73] lapic_id[0xe6] disabled)
Sep  1 08:55:02 localhost kernel: ACPI: LAPIC (acpi_id[0x74] lapic_id[0xe8] disabled)
Sep  1 08:55:02 localhost kernel: ACPI: LAPIC (acpi_id[0x75] lapic_id[0xea] disabled)
Sep  1 08:55:02 localhost kernel: ACPI: LAPIC (acpi_id[0x76] lapic_id[0xec] disabled)
Sep  1 08:55:02 localhost kernel: ACPI: LAPIC (acpi_id[0x77] lapic_id[0xee] disabled)
Sep  1 08:55:02 localhost kernel: ACPI: LAPIC (acpi_id[0x78] lapic_id[0xf0] disabled)
Sep  1 08:55:02 localhost kernel: ACPI: LAPIC (acpi_id[0x79] lapic_id[0xf2] disabled)
Sep  1 08:55:02 localhost kernel: ACPI: LAPIC (acpi_id[0x7a] lapic_id[0xf4] disabled)
Sep  1 08:55:02 localhost kernel: ACPI: LAPIC (acpi_id[0x7b] lapic_id[0xf6] disabled)
Sep  1 08:55:02 localhost kernel: ACPI: LAPIC (acpi_id[0x7c] lapic_id[0xf8] disabled)
Sep  1 08:55:02 localhost kernel: ACPI: LAPIC (acpi_id[0x7d] lapic_id[0xfa] disabled)
Sep  1 08:55:02 localhost kernel: ACPI: LAPIC (acpi_id[0x7e] lapic_id[0xfc] disabled)
Sep  1 08:55:02 localhost kernel: ACPI: LAPIC (acpi_id[0x7f] lapic_id[0xfe] disabled)
Sep  1 08:55:02 localhost kernel: ACPI: LAPIC_NMI (acpi_id[0x00] high edge lint[0x1])
Sep  1 08:55:02 localhost kernel: ACPI: LAPIC_NMI (acpi_id[0x01] high edge lint[0x1])
Sep  1 08:55:02 localhost kernel: ACPI: LAPIC_NMI (acpi_id[0x02] high edge lint[0x1])
Sep  1 08:55:02 localhost kernel: ACPI: LAPIC_NMI (acpi_id[0x03] high edge lint[0x1])
Sep  1 08:55:02 localhost kernel: ACPI: LAPIC_NMI (acpi_id[0x04] high edge lint[0x1])
Sep  1 08:55:02 localhost kernel: ACPI: LAPIC_NMI (acpi_id[0x05] high edge lint[0x1])
Sep  1 08:55:02 localhost kernel: ACPI: LAPIC_NMI (acpi_id[0x06] high edge lint[0x1])
Sep  1 08:55:02 localhost kernel: ACPI: LAPIC_NMI (acpi_id[0x07] high edge lint[0x1])
Sep  1 08:55:02 localhost kernel: ACPI: LAPIC_NMI (acpi_id[0x08] high edge lint[0x1])
Sep  1 08:55:02 localhost kernel: ACPI: LAPIC_NMI (acpi_id[0x09] high edge lint[0x1])
Sep  1 08:55:02 localhost kernel: ACPI: LAPIC_NMI (acpi_id[0x0a] high edge lint[0x1])
Sep  1 08:55:02 localhost kernel: ACPI: LAPIC_NMI (acpi_id[0x0b] high edge lint[0x1])
Sep  1 08:55:02 localhost kernel: ACPI: LAPIC_NMI (acpi_id[0x0c] high edge lint[0x1])
Sep  1 08:55:02 localhost kernel: ACPI: LAPIC_NMI (acpi_id[0x0d] high edge lint[0x1])
Sep  1 08:55:02 localhost kernel: ACPI: LAPIC_NMI (acpi_id[0x0e] high edge lint[0x1])
Sep  1 08:55:02 localhost kernel: ACPI: LAPIC_NMI (acpi_id[0x0f] high edge lint[0x1])
Sep  1 08:55:02 localhost kernel: ACPI: LAPIC_NMI (acpi_id[0x10] high edge lint[0x1])
Sep  1 08:55:02 localhost kernel: ACPI: LAPIC_NMI (acpi_id[0x11] high edge lint[0x1])
Sep  1 08:55:02 localhost kernel: ACPI: LAPIC_NMI (acpi_id[0x12] high edge lint[0x1])
Sep  1 08:55:02 localhost kernel: ACPI: LAPIC_NMI (acpi_id[0x13] high edge lint[0x1])
Sep  1 08:55:02 localhost kernel: ACPI: LAPIC_NMI (acpi_id[0x14] high edge lint[0x1])
Sep  1 08:55:02 localhost kernel: ACPI: LAPIC_NMI (acpi_id[0x15] high edge lint[0x1])
Sep  1 08:55:02 localhost kernel: ACPI: LAPIC_NMI (acpi_id[0x16] high edge lint[0x1])
Sep  1 08:55:02 localhost kernel: ACPI: LAPIC_NMI (acpi_id[0x17] high edge lint[0x1])
Sep  1 08:55:02 localhost kernel: ACPI: LAPIC_NMI (acpi_id[0x18] high edge lint[0x1])
Sep  1 08:55:02 localhost kernel: ACPI: LAPIC_NMI (acpi_id[0x19] high edge lint[0x1])
Sep  1 08:55:02 localhost kernel: ACPI: LAPIC_NMI (acpi_id[0x1a] high edge lint[0x1])
Sep  1 08:55:02 localhost kernel: ACPI: LAPIC_NMI (acpi_id[0x1b] high edge lint[0x1])
Sep  1 08:55:02 localhost kernel: ACPI: LAPIC_NMI (acpi_id[0x1c] high edge lint[0x1])
Sep  1 08:55:02 localhost kernel: ACPI: LAPIC_NMI (acpi_id[0x1d] high edge lint[0x1])
Sep  1 08:55:02 localhost kernel: ACPI: LAPIC_NMI (acpi_id[0x1e] high edge lint[0x1])
Sep  1 08:55:02 localhost kernel: ACPI: LAPIC_NMI (acpi_id[0x1f] high edge lint[0x1])
Sep  1 08:55:02 localhost kernel: ACPI: LAPIC_NMI (acpi_id[0x20] high edge lint[0x1])
Sep  1 08:55:02 localhost kernel: ACPI: LAPIC_NMI (acpi_id[0x21] high edge lint[0x1])
Sep  1 08:55:02 localhost kernel: ACPI: LAPIC_NMI (acpi_id[0x22] high edge lint[0x1])
Sep  1 08:55:02 localhost kernel: ACPI: LAPIC_NMI (acpi_id[0x23] high edge lint[0x1])
Sep  1 08:55:02 localhost kernel: ACPI: LAPIC_NMI (acpi_id[0x24] high edge lint[0x1])
Sep  1 08:55:02 localhost kernel: ACPI: LAPIC_NMI (acpi_id[0x25] high edge lint[0x1])
Sep  1 08:55:02 localhost kernel: ACPI: LAPIC_NMI (acpi_id[0x26] high edge lint[0x1])
Sep  1 08:55:02 localhost kernel: ACPI: LAPIC_NMI (acpi_id[0x27] high edge lint[0x1])
Sep  1 08:55:02 localhost kernel: ACPI: LAPIC_NMI (acpi_id[0x28] high edge lint[0x1])
Sep  1 08:55:02 localhost kernel: ACPI: LAPIC_NMI (acpi_id[0x29] high edge lint[0x1])
Sep  1 08:55:02 localhost kernel: ACPI: LAPIC_NMI (acpi_id[0x2a] high edge lint[0x1])
Sep  1 08:55:02 localhost kernel: ACPI: LAPIC_NMI (acpi_id[0x2b] high edge lint[0x1])
Sep  1 08:55:02 localhost kernel: ACPI: LAPIC_NMI (acpi_id[0x2c] high edge lint[0x1])
Sep  1 08:55:02 localhost kernel: ACPI: LAPIC_NMI (acpi_id[0x2d] high edge lint[0x1])
Sep  1 08:55:02 localhost kernel: ACPI: LAPIC_NMI (acpi_id[0x2e] high edge lint[0x1])
Sep  1 08:55:02 localhost kernel: ACPI: LAPIC_NMI (acpi_id[0x2f] high edge lint[0x1])
Sep  1 08:55:02 localhost kernel: ACPI: LAPIC_NMI (acpi_id[0x30] high edge lint[0x1])
Sep  1 08:55:02 localhost kernel: ACPI: LAPIC_NMI (acpi_id[0x31] high edge lint[0x1])
Sep  1 08:55:02 localhost kernel: ACPI: LAPIC_NMI (acpi_id[0x32] high edge lint[0x1])
Sep  1 08:55:02 localhost kernel: ACPI: LAPIC_NMI (acpi_id[0x33] high edge lint[0x1])
Sep  1 08:55:02 localhost kernel: ACPI: LAPIC_NMI (acpi_id[0x34] high edge lint[0x1])
Sep  1 08:55:02 localhost kernel: ACPI: LAPIC_NMI (acpi_id[0x35] high edge lint[0x1])
Sep  1 08:55:02 localhost kernel: ACPI: LAPIC_NMI (acpi_id[0x36] high edge lint[0x1])
Sep  1 08:55:02 localhost kernel: ACPI: LAPIC_NMI (acpi_id[0x37] high edge lint[0x1])
Sep  1 08:55:02 localhost kernel: ACPI: LAPIC_NMI (acpi_id[0x38] high edge lint[0x1])
Sep  1 08:55:02 localhost kernel: ACPI: LAPIC_NMI (acpi_id[0x39] high edge lint[0x1])
Sep  1 08:55:02 localhost kernel: ACPI: LAPIC_NMI (acpi_id[0x3a] high edge lint[0x1])
Sep  1 08:55:02 localhost kernel: ACPI: LAPIC_NMI (acpi_id[0x3b] high edge lint[0x1])
Sep  1 08:55:02 localhost kernel: ACPI: LAPIC_NMI (acpi_id[0x3c] high edge lint[0x1])
Sep  1 08:55:02 localhost kernel: ACPI: LAPIC_NMI (acpi_id[0x3d] high edge lint[0x1])
Sep  1 08:55:02 localhost kernel: ACPI: LAPIC_NMI (acpi_id[0x3e] high edge lint[0x1])
Sep  1 08:55:02 localhost kernel: ACPI: LAPIC_NMI (acpi_id[0x3f] high edge lint[0x1])
Sep  1 08:55:02 localhost kernel: ACPI: LAPIC_NMI (acpi_id[0x40] high edge lint[0x1])
Sep  1 08:55:02 localhost kernel: ACPI: LAPIC_NMI (acpi_id[0x41] high edge lint[0x1])
Sep  1 08:55:02 localhost kernel: ACPI: LAPIC_NMI (acpi_id[0x42] high edge lint[0x1])
Sep  1 08:55:02 localhost kernel: ACPI: LAPIC_NMI (acpi_id[0x43] high edge lint[0x1])
Sep  1 08:55:02 localhost kernel: ACPI: LAPIC_NMI (acpi_id[0x44] high edge lint[0x1])
Sep  1 08:55:02 localhost kernel: ACPI: LAPIC_NMI (acpi_id[0x45] high edge lint[0x1])
Sep  1 08:55:02 localhost kernel: ACPI: LAPIC_NMI (acpi_id[0x46] high edge lint[0x1])
Sep  1 08:55:02 localhost kernel: ACPI: LAPIC_NMI (acpi_id[0x47] high edge lint[0x1])
Sep  1 08:55:02 localhost kernel: ACPI: LAPIC_NMI (acpi_id[0x48] high edge lint[0x1])
Sep  1 08:55:02 localhost kernel: ACPI: LAPIC_NMI (acpi_id[0x49] high edge lint[0x1])
Sep  1 08:55:02 localhost kernel: ACPI: LAPIC_NMI (acpi_id[0x4a] high edge lint[0x1])
Sep  1 08:55:02 localhost kernel: ACPI: LAPIC_NMI (acpi_id[0x4b] high edge lint[0x1])
Sep  1 08:55:02 localhost kernel: ACPI: LAPIC_NMI (acpi_id[0x4c] high edge lint[0x1])
Sep  1 08:55:02 localhost kernel: ACPI: LAPIC_NMI (acpi_id[0x4d] high edge lint[0x1])
Sep  1 08:55:02 localhost kernel: ACPI: LAPIC_NMI (acpi_id[0x4e] high edge lint[0x1])
Sep  1 08:55:02 localhost kernel: ACPI: LAPIC_NMI (acpi_id[0x4f] high edge lint[0x1])
Sep  1 08:55:02 localhost kernel: ACPI: LAPIC_NMI (acpi_id[0x50] high edge lint[0x1])
Sep  1 08:55:02 localhost kernel: ACPI: LAPIC_NMI (acpi_id[0x51] high edge lint[0x1])
Sep  1 08:55:02 localhost kernel: ACPI: LAPIC_NMI (acpi_id[0x52] high edge lint[0x1])
Sep  1 08:55:02 localhost kernel: ACPI: LAPIC_NMI (acpi_id[0x53] high edge lint[0x1])
Sep  1 08:55:02 localhost kernel: ACPI: LAPIC_NMI (acpi_id[0x54] high edge lint[0x1])
Sep  1 08:55:02 localhost kernel: ACPI: LAPIC_NMI (acpi_id[0x55] high edge lint[0x1])
Sep  1 08:55:02 localhost kernel: ACPI: LAPIC_NMI (acpi_id[0x56] high edge lint[0x1])
Sep  1 08:55:02 localhost kernel: ACPI: LAPIC_NMI (acpi_id[0x57] high edge lint[0x1])
Sep  1 08:55:02 localhost kernel: ACPI: LAPIC_NMI (acpi_id[0x58] high edge lint[0x1])
Sep  1 08:55:02 localhost kernel: ACPI: LAPIC_NMI (acpi_id[0x59] high edge lint[0x1])
Sep  1 08:55:02 localhost kernel: ACPI: LAPIC_NMI (acpi_id[0x5a] high edge lint[0x1])
Sep  1 08:55:02 localhost kernel: ACPI: LAPIC_NMI (acpi_id[0x5b] high edge lint[0x1])
Sep  1 08:55:02 localhost kernel: ACPI: LAPIC_NMI (acpi_id[0x5c] high edge lint[0x1])
Sep  1 08:55:02 localhost kernel: ACPI: LAPIC_NMI (acpi_id[0x5d] high edge lint[0x1])
Sep  1 08:55:02 localhost kernel: ACPI: LAPIC_NMI (acpi_id[0x5e] high edge lint[0x1])
Sep  1 08:55:02 localhost kernel: ACPI: LAPIC_NMI (acpi_id[0x5f] high edge lint[0x1])
Sep  1 08:55:02 localhost kernel: ACPI: LAPIC_NMI (acpi_id[0x60] high edge lint[0x1])
Sep  1 08:55:02 localhost kernel: ACPI: LAPIC_NMI (acpi_id[0x61] high edge lint[0x1])
Sep  1 08:55:02 localhost kernel: ACPI: LAPIC_NMI (acpi_id[0x62] high edge lint[0x1])
Sep  1 08:55:02 localhost kernel: ACPI: LAPIC_NMI (acpi_id[0x63] high edge lint[0x1])
Sep  1 08:55:02 localhost kernel: ACPI: LAPIC_NMI (acpi_id[0x64] high edge lint[0x1])
Sep  1 08:55:02 localhost kernel: ACPI: LAPIC_NMI (acpi_id[0x65] high edge lint[0x1])
Sep  1 08:55:02 localhost kernel: ACPI: LAPIC_NMI (acpi_id[0x66] high edge lint[0x1])
Sep  1 08:55:02 localhost kernel: ACPI: LAPIC_NMI (acpi_id[0x67] high edge lint[0x1])
Sep  1 08:55:02 localhost kernel: ACPI: LAPIC_NMI (acpi_id[0x68] high edge lint[0x1])
Sep  1 08:55:02 localhost kernel: ACPI: LAPIC_NMI (acpi_id[0x69] high edge lint[0x1])
Sep  1 08:55:02 localhost kernel: ACPI: LAPIC_NMI (acpi_id[0x6a] high edge lint[0x1])
Sep  1 08:55:02 localhost kernel: ACPI: LAPIC_NMI (acpi_id[0x6b] high edge lint[0x1])
Sep  1 08:55:02 localhost kernel: ACPI: LAPIC_NMI (acpi_id[0x6c] high edge lint[0x1])
Sep  1 08:55:02 localhost kernel: ACPI: LAPIC_NMI (acpi_id[0x6d] high edge lint[0x1])
Sep  1 08:55:02 localhost kernel: ACPI: LAPIC_NMI (acpi_id[0x6e] high edge lint[0x1])
Sep  1 08:55:02 localhost kernel: ACPI: LAPIC_NMI (acpi_id[0x6f] high edge lint[0x1])
Sep  1 08:55:02 localhost kernel: ACPI: LAPIC_NMI (acpi_id[0x70] high edge lint[0x1])
Sep  1 08:55:02 localhost kernel: ACPI: LAPIC_NMI (acpi_id[0x71] high edge lint[0x1])
Sep  1 08:55:02 localhost kernel: ACPI: LAPIC_NMI (acpi_id[0x72] high edge lint[0x1])
Sep  1 08:55:02 localhost kernel: ACPI: LAPIC_NMI (acpi_id[0x73] high edge lint[0x1])
Sep  1 08:55:02 localhost kernel: ACPI: LAPIC_NMI (acpi_id[0x74] high edge lint[0x1])
Sep  1 08:55:02 localhost kernel: ACPI: LAPIC_NMI (acpi_id[0x75] high edge lint[0x1])
Sep  1 08:55:02 localhost kernel: ACPI: LAPIC_NMI (acpi_id[0x76] high edge lint[0x1])
Sep  1 08:55:02 localhost kernel: ACPI: LAPIC_NMI (acpi_id[0x77] high edge lint[0x1])
Sep  1 08:55:02 localhost kernel: ACPI: LAPIC_NMI (acpi_id[0x78] high edge lint[0x1])
Sep  1 08:55:02 localhost kernel: ACPI: LAPIC_NMI (acpi_id[0x79] high edge lint[0x1])
Sep  1 08:55:02 localhost kernel: ACPI: LAPIC_NMI (acpi_id[0x7a] high edge lint[0x1])
Sep  1 08:55:02 localhost kernel: ACPI: LAPIC_NMI (acpi_id[0x7b] high edge lint[0x1])
Sep  1 08:55:02 localhost kernel: ACPI: LAPIC_NMI (acpi_id[0x7c] high edge lint[0x1])
Sep  1 08:55:02 localhost kernel: ACPI: LAPIC_NMI (acpi_id[0x7d] high edge lint[0x1])
Sep  1 08:55:02 localhost kernel: ACPI: LAPIC_NMI (acpi_id[0x7e] high edge lint[0x1])
Sep  1 08:55:02 localhost kernel: ACPI: LAPIC_NMI (acpi_id[0x7f] high edge lint[0x1])
Sep  1 08:55:02 localhost kernel: ACPI: IOAPIC (id[0x01] address[0xfec00000] gsi_base[0])
Sep  1 08:55:02 localhost kernel: IOAPIC[0]: apic_id 1, version 32, address 0xfec00000, GSI 0-23
Sep  1 08:55:02 localhost kernel: ACPI: INT_SRC_OVR (bus 0 bus_irq 0 global_irq 2 high edge)
Sep  1 08:55:02 localhost kernel: Using ACPI (MADT) for SMP configuration information
Sep  1 08:55:02 localhost kernel: ACPI: HPET id: 0x8086af01 base: 0xfed00000
Sep  1 08:55:02 localhost kernel: smpboot: Allowing 128 CPUs, 127 hotplug CPUs
Sep  1 08:55:02 localhost kernel: PM: Registered nosave memory: [mem 0x0009e000-0x0009efff]
Sep  1 08:55:02 localhost kernel: PM: Registered nosave memory: [mem 0x0009f000-0x0009ffff]
Sep  1 08:55:02 localhost kernel: PM: Registered nosave memory: [mem 0x000a0000-0x000dbfff]
Sep  1 08:55:02 localhost kernel: PM: Registered nosave memory: [mem 0x000dc000-0x000fffff]
Sep  1 08:55:02 localhost kernel: PM: Registered nosave memory: [mem 0x3fee0000-0x3fefefff]
Sep  1 08:55:02 localhost kernel: PM: Registered nosave memory: [mem 0x3feff000-0x3fefffff]
Sep  1 08:55:02 localhost kernel: e820: [mem 0x40000000-0xefffffff] available for PCI devices
Sep  1 08:55:02 localhost kernel: Booting paravirtualized kernel on bare hardware
Sep  1 08:55:02 localhost kernel: setup_percpu: NR_CPUS:5120 nr_cpumask_bits:128 nr_cpu_ids:128 nr_node_ids:1
Sep  1 08:55:02 localhost kernel: PERCPU: Embedded 35 pages/cpu @ffff9a12fa800000 s104856 r8192 d30312 u262144
Sep  1 08:55:02 localhost kernel: Built 1 zonelists in Node order, mobility grouping on.  Total pages: 257896
Sep  1 08:55:02 localhost kernel: Policy zone: DMA32
Sep  1 08:55:02 localhost kernel: Kernel command line: BOOT_IMAGE=/vmlinuz-3.10.0-862.el7.x86_64 root=UUID=edcaff50-034e-4acd-910a-52871d46d346 ro crashkernel=auto rhgb quiet LANG=en_US.UTF-8
Sep  1 08:55:02 localhost kernel: PID hash table entries: 4096 (order: 3, 32768 bytes)
Sep  1 08:55:02 localhost kernel: x86/fpu: xstate_offset[2]: 0240, xstate_sizes[2]: 0100
Sep  1 08:55:02 localhost kernel: x86/fpu: xstate_offset[3]: 03c0, xstate_sizes[3]: 0040
Sep  1 08:55:02 localhost kernel: x86/fpu: xstate_offset[4]: 0400, xstate_sizes[4]: 0040
Sep  1 08:55:02 localhost kernel: xsave: enabled xstate_bv 0x1f, cntxt size 0x440 using standard form
Sep  1 08:55:02 localhost kernel: Memory: 966096k/1048576k available (7324k kernel code, 524k absent, 81956k reserved, 6305k data, 1832k init)
Sep  1 08:55:02 localhost kernel: SLUB: HWalign=64, Order=0-3, MinObjects=0, CPUs=128, Nodes=1
Sep  1 08:55:02 localhost kernel: x86/pti: Unmapping kernel while in userspace
Sep  1 08:55:02 localhost kernel: Hierarchical RCU implementation.
Sep  1 08:55:02 localhost kernel: #011RCU restricting CPUs from NR_CPUS=5120 to nr_cpu_ids=128.
Sep  1 08:55:02 localhost kernel: NR_IRQS:327936 nr_irqs:1448 0
Sep  1 08:55:02 localhost kernel: Console: colour VGA+ 80x25
Sep  1 08:55:02 localhost kernel: console [tty0] enabled
Sep  1 08:55:02 localhost kernel: allocated 4194304 bytes of page_cgroup
Sep  1 08:55:02 localhost kernel: please try 'cgroup_disable=memory' option if you don't want memory cgroups
Sep  1 08:55:02 localhost kernel: TSC freq read from hypervisor : 2591.996 MHz
Sep  1 08:55:02 localhost kernel: TSC freq read from hypervisor : 2591.996 MHz
Sep  1 08:55:02 localhost kernel: tsc: Detected 2591.996 MHz processor
Sep  1 08:55:02 localhost kernel: Calibrating delay loop (skipped) preset value.. 5183.99 BogoMIPS (lpj=2591996)
Sep  1 08:55:02 localhost kernel: pid_max: default: 131072 minimum: 1024
Sep  1 08:55:02 localhost kernel: Security Framework initialized
Sep  1 08:55:02 localhost kernel: SELinux:  Initializing.
Sep  1 08:55:02 localhost kernel: Yama: becoming mindful.
Sep  1 08:55:02 localhost kernel: Dentry cache hash table entries: 131072 (order: 8, 1048576 bytes)
Sep  1 08:55:02 localhost kernel: Inode-cache hash table entries: 65536 (order: 7, 524288 bytes)
Sep  1 08:55:02 localhost kernel: Mount-cache hash table entries: 2048 (order: 2, 16384 bytes)
Sep  1 08:55:02 localhost kernel: Mountpoint-cache hash table entries: 2048 (order: 2, 16384 bytes)
Sep  1 08:55:02 localhost kernel: Initializing cgroup subsys memory
Sep  1 08:55:02 localhost kernel: Initializing cgroup subsys devices
Sep  1 08:55:02 localhost kernel: Initializing cgroup subsys freezer
Sep  1 08:55:02 localhost kernel: Initializing cgroup subsys net_cls
Sep  1 08:55:02 localhost kernel: Initializing cgroup subsys blkio
Sep  1 08:55:02 localhost kernel: Initializing cgroup subsys perf_event
Sep  1 08:55:02 localhost kernel: Initializing cgroup subsys hugetlb
Sep  1 08:55:02 localhost kernel: Initializing cgroup subsys pids
Sep  1 08:55:02 localhost kernel: Initializing cgroup subsys net_prio
Sep  1 08:55:02 localhost kernel: Disabled fast string operations
Sep  1 08:55:02 localhost kernel: CPU: Physical Processor ID: 0
Sep  1 08:55:02 localhost kernel: mce: CPU supports 8 MCE banks
Sep  1 08:55:02 localhost kernel: Last level iTLB entries: 4KB 0, 2MB 0, 4MB 0
Sep  1 08:55:02 localhost kernel: Last level dTLB entries: 4KB 64, 2MB 0, 4MB 0
Sep  1 08:55:02 localhost kernel: tlb_flushall_shift: 6
Sep  1 08:55:02 localhost kernel: FEATURE SPEC_CTRL Present
Sep  1 08:55:02 localhost kernel: FEATURE IBPB_SUPPORT Present
Sep  1 08:55:02 localhost kernel: Spectre V2 : Mitigation: IBRS (kernel)
Sep  1 08:55:02 localhost kernel: ACPI: Core revision 20130517
Sep  1 08:55:02 localhost kernel: ACPI: All ACPI Tables successfully acquired
Sep  1 08:55:02 localhost kernel: ftrace: allocating 28047 entries in 110 pages
Sep  1 08:55:02 localhost kernel: Enabling x2apic
Sep  1 08:55:02 localhost kernel: Enabled x2apic
Sep  1 08:55:02 localhost kernel: Switched APIC routing to physical x2apic.
Sep  1 08:55:02 localhost kernel: ..TIMER: vector=0x30 apic1=0 pin1=2 apic2=-1 pin2=-1
Sep  1 08:55:02 localhost kernel: smpboot: CPU0: Intel(R) Core(TM) i7-6500U CPU @ 2.50GHz (fam: 06, model: 4e, stepping: 03)
Sep  1 08:55:02 localhost kernel: Performance Events: 32-deep LBR, Skylake events, core PMU driver.
Sep  1 08:55:02 localhost kernel: core: CPUID marked event: 'cpu cycles' unavailable
Sep  1 08:55:02 localhost kernel: core: CPUID marked event: 'instructions' unavailable
Sep  1 08:55:02 localhost kernel: core: CPUID marked event: 'bus cycles' unavailable
Sep  1 08:55:02 localhost kernel: core: CPUID marked event: 'cache references' unavailable
Sep  1 08:55:02 localhost kernel: core: CPUID marked event: 'cache misses' unavailable
Sep  1 08:55:02 localhost kernel: core: CPUID marked event: 'branch instructions' unavailable
Sep  1 08:55:02 localhost kernel: core: CPUID marked event: 'branch misses' unavailable
Sep  1 08:55:02 localhost kernel: ... version:                1
Sep  1 08:55:02 localhost kernel: ... bit width:              48
Sep  1 08:55:02 localhost kernel: ... generic registers:      4
Sep  1 08:55:02 localhost kernel: ... value mask:             0000ffffffffffff
Sep  1 08:55:02 localhost kernel: ... max period:             000000007fffffff
Sep  1 08:55:02 localhost kernel: ... fixed-purpose events:   0
Sep  1 08:55:02 localhost kernel: ... event mask:             000000000000000f
Sep  1 08:55:02 localhost kernel: Brought up 1 CPUs
Sep  1 08:55:02 localhost kernel: smpboot: Max logical packages: 128
Sep  1 08:55:02 localhost kernel: smpboot: Total of 1 processors activated (5183.99 BogoMIPS)
Sep  1 08:55:02 localhost kernel: NMI watchdog: disabled (cpu0): hardware events not enabled
Sep  1 08:55:02 localhost kernel: NMI watchdog: Shutting down hard lockup detector on all cpus
Sep  1 08:55:02 localhost kernel: devtmpfs: initialized
Sep  1 08:55:02 localhost kernel: EVM: security.selinux
Sep  1 08:55:02 localhost kernel: EVM: security.ima
Sep  1 08:55:02 localhost kernel: EVM: security.capability
Sep  1 08:55:02 localhost kernel: PM: Registering ACPI NVS region [mem 0x3feff000-0x3fefffff] (4096 bytes)
Sep  1 08:55:02 localhost kernel: atomic64 test passed for x86-64 platform with CX8 and with SSE
Sep  1 08:55:02 localhost kernel: pinctrl core: initialized pinctrl subsystem
Sep  1 08:55:02 localhost kernel: RTC time: 15:55:01, date: 09/01/20
Sep  1 08:55:02 localhost kernel: NET: Registered protocol family 16
Sep  1 08:55:02 localhost kernel: ACPI: bus type PCI registered
Sep  1 08:55:02 localhost kernel: acpiphp: ACPI Hot Plug PCI Controller Driver version: 0.5
Sep  1 08:55:02 localhost kernel: PCI: MMCONFIG for domain 0000 [bus 00-7f] at [mem 0xf0000000-0xf7ffffff] (base 0xf0000000)
Sep  1 08:55:02 localhost kernel: PCI: MMCONFIG at [mem 0xf0000000-0xf7ffffff] reserved in E820
Sep  1 08:55:02 localhost kernel: PCI: Using configuration type 1 for base access
Sep  1 08:55:02 localhost kernel: ACPI: Added _OSI(Module Device)
Sep  1 08:55:02 localhost kernel: ACPI: Added _OSI(Processor Device)
Sep  1 08:55:02 localhost kernel: ACPI: Added _OSI(3.0 _SCP Extensions)
Sep  1 08:55:02 localhost kernel: ACPI: Added _OSI(Processor Aggregator Device)
Sep  1 08:55:02 localhost kernel: ACPI: [Firmware Bug]: BIOS _OSI(Linux) query ignored
Sep  1 08:55:02 localhost kernel: ACPI: Interpreter enabled
Sep  1 08:55:02 localhost kernel: ACPI: (supports S0 S1 S4 S5)
Sep  1 08:55:02 localhost kernel: ACPI: Using IOAPIC for interrupt routing
Sep  1 08:55:02 localhost kernel: PCI: Using host bridge windows from ACPI; if necessary, use "pci=nocrs" and report a bug
Sep  1 08:55:02 localhost kernel: ACPI: Enabled 4 GPEs in block 00 to 0F
Sep  1 08:55:02 localhost kernel: ACPI: PCI Root Bridge [PCI0] (domain 0000 [bus 00-7f])
Sep  1 08:55:02 localhost kernel: acpi PNP0A03:00: _OSC: OS supports [ExtendedConfig ASPM ClockPM Segments MSI]
Sep  1 08:55:02 localhost kernel: acpi PNP0A03:00: _OSC: platform does not support [AER]
Sep  1 08:55:02 localhost kernel: acpi PNP0A03:00: _OSC: OS now controls [PCIeHotplug PME PCIeCapability]
Sep  1 08:55:02 localhost kernel: PCI host bridge to bus 0000:00
Sep  1 08:55:02 localhost kernel: pci_bus 0000:00: root bus resource [bus 00-7f]
Sep  1 08:55:02 localhost kernel: pci_bus 0000:00: root bus resource [mem 0x000a0000-0x000bffff window]
Sep  1 08:55:02 localhost kernel: pci_bus 0000:00: root bus resource [mem 0x000cc000-0x000cffff window]
Sep  1 08:55:02 localhost kernel: pci_bus 0000:00: root bus resource [mem 0x000d0000-0x000d3fff window]
Sep  1 08:55:02 localhost kernel: pci_bus 0000:00: root bus resource [mem 0x000d4000-0x000d7fff window]
Sep  1 08:55:02 localhost kernel: pci_bus 0000:00: root bus resource [mem 0x000d8000-0x000dbfff window]
Sep  1 08:55:02 localhost kernel: pci_bus 0000:00: root bus resource [mem 0xc0000000-0xfebfffff window]
Sep  1 08:55:02 localhost kernel: pci_bus 0000:00: root bus resource [io  0x0000-0x0cf7 window]
Sep  1 08:55:02 localhost kernel: pci_bus 0000:00: root bus resource [io  0x0d00-0xfeff window]
Sep  1 08:55:02 localhost kernel: pci 0000:00:07.1: legacy IDE quirk: reg 0x10: [io  0x01f0-0x01f7]
Sep  1 08:55:02 localhost kernel: pci 0000:00:07.1: legacy IDE quirk: reg 0x14: [io  0x03f6]
Sep  1 08:55:02 localhost kernel: pci 0000:00:07.1: legacy IDE quirk: reg 0x18: [io  0x0170-0x0177]
Sep  1 08:55:02 localhost kernel: pci 0000:00:07.1: legacy IDE quirk: reg 0x1c: [io  0x0376]
Sep  1 08:55:02 localhost kernel: pci 0000:00:07.3: quirk: [io  0x1000-0x103f] claimed by PIIX4 ACPI
Sep  1 08:55:02 localhost kernel: pci 0000:00:07.3: quirk: [io  0x1040-0x104f] claimed by PIIX4 SMB
Sep  1 08:55:02 localhost kernel: pci 0000:00:11.0: System wakeup disabled by ACPI
Sep  1 08:55:02 localhost kernel: pci 0000:00:15.0: System wakeup disabled by ACPI
Sep  1 08:55:02 localhost kernel: pci 0000:00:15.1: System wakeup disabled by ACPI
Sep  1 08:55:02 localhost kernel: pci 0000:00:15.2: System wakeup disabled by ACPI
Sep  1 08:55:02 localhost kernel: pci 0000:00:15.3: System wakeup disabled by ACPI
Sep  1 08:55:02 localhost kernel: pci 0000:00:15.4: System wakeup disabled by ACPI
Sep  1 08:55:02 localhost kernel: pci 0000:00:15.5: System wakeup disabled by ACPI
Sep  1 08:55:02 localhost kernel: pci 0000:00:15.6: System wakeup disabled by ACPI
Sep  1 08:55:02 localhost kernel: pci 0000:00:15.7: System wakeup disabled by ACPI
Sep  1 08:55:02 localhost kernel: pci 0000:00:16.0: System wakeup disabled by ACPI
Sep  1 08:55:02 localhost kernel: pci 0000:00:16.1: System wakeup disabled by ACPI
Sep  1 08:55:02 localhost kernel: pci 0000:00:16.2: System wakeup disabled by ACPI
Sep  1 08:55:02 localhost kernel: pci 0000:00:16.3: System wakeup disabled by ACPI
Sep  1 08:55:02 localhost kernel: pci 0000:00:16.4: System wakeup disabled by ACPI
Sep  1 08:55:02 localhost kernel: pci 0000:00:16.5: System wakeup disabled by ACPI
Sep  1 08:55:02 localhost kernel: pci 0000:00:16.6: System wakeup disabled by ACPI
Sep  1 08:55:02 localhost kernel: pci 0000:00:16.7: System wakeup disabled by ACPI
Sep  1 08:55:02 localhost kernel: pci 0000:00:17.0: System wakeup disabled by ACPI
Sep  1 08:55:02 localhost kernel: pci 0000:00:17.1: System wakeup disabled by ACPI
Sep  1 08:55:02 localhost kernel: pci 0000:00:17.2: System wakeup disabled by ACPI
Sep  1 08:55:02 localhost kernel: pci 0000:00:17.3: System wakeup disabled by ACPI
Sep  1 08:55:02 localhost kernel: pci 0000:00:17.4: System wakeup disabled by ACPI
Sep  1 08:55:02 localhost kernel: pci 0000:00:17.5: System wakeup disabled by ACPI
Sep  1 08:55:02 localhost kernel: pci 0000:00:17.6: System wakeup disabled by ACPI
Sep  1 08:55:02 localhost kernel: pci 0000:00:17.7: System wakeup disabled by ACPI
Sep  1 08:55:02 localhost kernel: pci 0000:00:18.0: System wakeup disabled by ACPI
Sep  1 08:55:02 localhost kernel: pci 0000:00:18.1: System wakeup disabled by ACPI
Sep  1 08:55:02 localhost kernel: pci 0000:00:18.2: System wakeup disabled by ACPI
Sep  1 08:55:02 localhost kernel: pci 0000:00:18.3: System wakeup disabled by ACPI
Sep  1 08:55:02 localhost kernel: pci 0000:00:18.4: System wakeup disabled by ACPI
Sep  1 08:55:02 localhost kernel: pci 0000:00:18.5: System wakeup disabled by ACPI
Sep  1 08:55:02 localhost kernel: pci 0000:00:18.6: System wakeup disabled by ACPI
Sep  1 08:55:02 localhost kernel: pci 0000:00:18.7: System wakeup disabled by ACPI
Sep  1 08:55:02 localhost kernel: pci 0000:00:01.0: PCI bridge to [bus 01]
Sep  1 08:55:02 localhost kernel: acpiphp: Slot [32] registered
Sep  1 08:55:02 localhost kernel: acpiphp: Slot [33] registered
Sep  1 08:55:02 localhost kernel: acpiphp: Slot [34] registered
Sep  1 08:55:02 localhost kernel: acpiphp: Slot [35] registered
Sep  1 08:55:02 localhost kernel: acpiphp: Slot [36] registered
Sep  1 08:55:02 localhost kernel: acpiphp: Slot [37] registered
Sep  1 08:55:02 localhost kernel: acpiphp: Slot [38] registered
Sep  1 08:55:02 localhost kernel: acpiphp: Slot [39] registered
Sep  1 08:55:02 localhost kernel: acpiphp: Slot [40] registered
Sep  1 08:55:02 localhost kernel: acpiphp: Slot [41] registered
Sep  1 08:55:02 localhost kernel: acpiphp: Slot [42] registered
Sep  1 08:55:02 localhost kernel: acpiphp: Slot [43] registered
Sep  1 08:55:02 localhost kernel: acpiphp: Slot [44] registered
Sep  1 08:55:02 localhost kernel: acpiphp: Slot [45] registered
Sep  1 08:55:02 localhost kernel: acpiphp: Slot [46] registered
Sep  1 08:55:02 localhost kernel: acpiphp: Slot [47] registered
Sep  1 08:55:02 localhost kernel: acpiphp: Slot [48] registered
Sep  1 08:55:02 localhost kernel: acpiphp: Slot [49] registered
Sep  1 08:55:02 localhost kernel: acpiphp: Slot [50] registered
Sep  1 08:55:02 localhost kernel: acpiphp: Slot [51] registered
Sep  1 08:55:02 localhost kernel: acpiphp: Slot [52] registered
Sep  1 08:55:02 localhost kernel: acpiphp: Slot [53] registered
Sep  1 08:55:02 localhost kernel: acpiphp: Slot [54] registered
Sep  1 08:55:02 localhost kernel: acpiphp: Slot [55] registered
Sep  1 08:55:02 localhost kernel: acpiphp: Slot [56] registered
Sep  1 08:55:02 localhost kernel: acpiphp: Slot [57] registered
Sep  1 08:55:02 localhost kernel: acpiphp: Slot [58] registered
Sep  1 08:55:02 localhost kernel: acpiphp: Slot [59] registered
Sep  1 08:55:02 localhost kernel: acpiphp: Slot [60] registered
Sep  1 08:55:02 localhost kernel: acpiphp: Slot [61] registered
Sep  1 08:55:02 localhost kernel: acpiphp: Slot [62] registered
Sep  1 08:55:02 localhost kernel: acpiphp: Slot [63] registered
Sep  1 08:55:02 localhost kernel: pci 0000:02:00.0: System wakeup disabled by ACPI
Sep  1 08:55:02 localhost kernel: pci 0000:02:01.0: System wakeup disabled by ACPI
Sep  1 08:55:02 localhost kernel: pci 0000:02:02.0: System wakeup disabled by ACPI
Sep  1 08:55:02 localhost kernel: pci 0000:02:03.0: System wakeup disabled by ACPI
Sep  1 08:55:02 localhost kernel: pci 0000:00:11.0: PCI bridge to [bus 02] (subtractive decode)
Sep  1 08:55:02 localhost kernel: pci 0000:00:15.0: PCI bridge to [bus 03]
Sep  1 08:55:02 localhost kernel: pci 0000:00:15.1: PCI bridge to [bus 04]
Sep  1 08:55:02 localhost kernel: pci 0000:00:15.2: PCI bridge to [bus 05]
Sep  1 08:55:02 localhost kernel: pci 0000:00:15.3: PCI bridge to [bus 06]
Sep  1 08:55:02 localhost kernel: pci 0000:00:15.4: PCI bridge to [bus 07]
Sep  1 08:55:02 localhost kernel: pci 0000:00:15.5: PCI bridge to [bus 08]
Sep  1 08:55:02 localhost kernel: pci 0000:00:15.6: PCI bridge to [bus 09]
Sep  1 08:55:02 localhost kernel: pci 0000:00:15.7: PCI bridge to [bus 0a]
Sep  1 08:55:02 localhost kernel: pci 0000:00:16.0: PCI bridge to [bus 0b]
Sep  1 08:55:02 localhost kernel: pci 0000:00:16.1: PCI bridge to [bus 0c]
Sep  1 08:55:02 localhost kernel: pci 0000:00:16.2: PCI bridge to [bus 0d]
Sep  1 08:55:02 localhost kernel: pci 0000:00:16.3: PCI bridge to [bus 0e]
Sep  1 08:55:02 localhost kernel: pci 0000:00:16.4: PCI bridge to [bus 0f]
Sep  1 08:55:02 localhost kernel: pci 0000:00:16.5: PCI bridge to [bus 10]
Sep  1 08:55:02 localhost kernel: pci 0000:00:16.6: PCI bridge to [bus 11]
Sep  1 08:55:02 localhost kernel: pci 0000:00:16.7: PCI bridge to [bus 12]
Sep  1 08:55:02 localhost kernel: pci 0000:00:17.0: PCI bridge to [bus 13]
Sep  1 08:55:02 localhost kernel: pci 0000:00:17.1: PCI bridge to [bus 14]
Sep  1 08:55:02 localhost kernel: pci 0000:00:17.2: PCI bridge to [bus 15]
Sep  1 08:55:02 localhost kernel: pci 0000:00:17.3: PCI bridge to [bus 16]
Sep  1 08:55:02 localhost kernel: pci 0000:00:17.4: PCI bridge to [bus 17]
Sep  1 08:55:02 localhost kernel: pci 0000:00:17.5: PCI bridge to [bus 18]
Sep  1 08:55:02 localhost kernel: pci 0000:00:17.6: PCI bridge to [bus 19]
Sep  1 08:55:02 localhost kernel: pci 0000:00:17.7: PCI bridge to [bus 1a]
Sep  1 08:55:02 localhost kernel: pci 0000:00:18.0: PCI bridge to [bus 1b]
Sep  1 08:55:02 localhost kernel: pci 0000:00:18.1: PCI bridge to [bus 1c]
Sep  1 08:55:02 localhost kernel: pci 0000:00:18.2: PCI bridge to [bus 1d]
Sep  1 08:55:02 localhost kernel: pci 0000:00:18.3: PCI bridge to [bus 1e]
Sep  1 08:55:02 localhost kernel: pci 0000:00:18.4: PCI bridge to [bus 1f]
Sep  1 08:55:02 localhost kernel: pci 0000:00:18.5: PCI bridge to [bus 20]
Sep  1 08:55:02 localhost kernel: pci 0000:00:18.6: PCI bridge to [bus 21]
Sep  1 08:55:02 localhost kernel: pci 0000:00:18.7: PCI bridge to [bus 22]
Sep  1 08:55:02 localhost kernel: ACPI: PCI Interrupt Link [LNKA] (IRQs 3 4 5 6 7 *9 10 11 14 15)
Sep  1 08:55:02 localhost kernel: ACPI: PCI Interrupt Link [LNKB] (IRQs 3 4 5 6 7 9 10 *11 14 15)
Sep  1 08:55:02 localhost kernel: ACPI: PCI Interrupt Link [LNKC] (IRQs 3 4 5 6 7 9 *10 11 14 15)
Sep  1 08:55:02 localhost kernel: ACPI: PCI Interrupt Link [LNKD] (IRQs 3 4 5 6 *7 9 10 11 14 15)
Sep  1 08:55:02 localhost kernel: vgaarb: device added: PCI:0000:00:0f.0,decodes=io+mem,owns=io+mem,locks=none
Sep  1 08:55:02 localhost kernel: vgaarb: loaded
Sep  1 08:55:02 localhost kernel: vgaarb: bridge control possible 0000:00:0f.0
Sep  1 08:55:02 localhost kernel: SCSI subsystem initialized
Sep  1 08:55:02 localhost kernel: ACPI: bus type USB registered
Sep  1 08:55:02 localhost kernel: usbcore: registered new interface driver usbfs
Sep  1 08:55:02 localhost kernel: usbcore: registered new interface driver hub
Sep  1 08:55:02 localhost kernel: usbcore: registered new device driver usb
Sep  1 08:55:02 localhost kernel: EDAC MC: Ver: 3.0.0
Sep  1 08:55:02 localhost kernel: PCI: Using ACPI for IRQ routing
Sep  1 08:55:02 localhost kernel: NetLabel: Initializing
Sep  1 08:55:02 localhost kernel: NetLabel:  domain hash size = 128
Sep  1 08:55:02 localhost kernel: NetLabel:  protocols = UNLABELED CIPSOv4
Sep  1 08:55:02 localhost kernel: NetLabel:  unlabeled traffic allowed by default
Sep  1 08:55:02 localhost kernel: hpet0: at MMIO 0xfed00000, IRQs 2, 8, 0, 0, 0, 0, 0, 0, 0, 0, 0, 0, 0, 0, 0, 0
Sep  1 08:55:02 localhost kernel: hpet0: 16 comparators, 64-bit 14.318180 MHz counter
Sep  1 08:55:02 localhost kernel: amd_nb: Cannot enumerate AMD northbridges
Sep  1 08:55:02 localhost kernel: Switched to clocksource hpet
Sep  1 08:55:02 localhost kernel: pnp: PnP ACPI init
Sep  1 08:55:02 localhost kernel: ACPI: bus type PNP registered
Sep  1 08:55:02 localhost kernel: system 00:00: [io  0x1000-0x103f] could not be reserved
Sep  1 08:55:02 localhost kernel: system 00:00: [io  0x1040-0x104f] has been reserved
Sep  1 08:55:02 localhost kernel: system 00:00: [io  0x0cf0-0x0cf1] has been reserved
Sep  1 08:55:02 localhost kernel: system 00:04: [mem 0xfed00000-0xfed003ff] has been reserved
Sep  1 08:55:02 localhost kernel: system 00:06: [io  0xfce0-0xfcff] has been reserved
Sep  1 08:55:02 localhost kernel: system 00:06: [mem 0xf0000000-0xf7ffffff] has been reserved
Sep  1 08:55:02 localhost kernel: system 00:06: [mem 0xfe800000-0xfe9fffff] has been reserved
Sep  1 08:55:02 localhost kernel: pnp: PnP ACPI: found 7 devices
Sep  1 08:55:02 localhost kernel: ACPI: bus type PNP unregistered
Sep  1 08:55:02 localhost kernel: pci 0000:00:0f.0: BAR 6: assigned [mem 0xc0000000-0xc0007fff pref]
Sep  1 08:55:02 localhost kernel: pci 0000:00:10.0: BAR 6: assigned [mem 0xc0008000-0xc000bfff pref]
Sep  1 08:55:02 localhost kernel: pci 0000:00:15.3: BAR 13: no space for [io  size 0x1000]
Sep  1 08:55:02 localhost kernel: pci 0000:00:15.3: BAR 13: failed to assign [io  size 0x1000]
Sep  1 08:55:02 localhost kernel: pci 0000:00:15.4: BAR 13: no space for [io  size 0x1000]
Sep  1 08:55:02 localhost kernel: pci 0000:00:15.4: BAR 13: failed to assign [io  size 0x1000]
Sep  1 08:55:02 localhost kernel: pci 0000:00:15.5: BAR 13: no space for [io  size 0x1000]
Sep  1 08:55:02 localhost kernel: pci 0000:00:15.5: BAR 13: failed to assign [io  size 0x1000]
Sep  1 08:55:02 localhost kernel: pci 0000:00:15.6: BAR 13: no space for [io  size 0x1000]
Sep  1 08:55:02 localhost kernel: pci 0000:00:15.6: BAR 13: failed to assign [io  size 0x1000]
Sep  1 08:55:02 localhost kernel: pci 0000:00:15.7: BAR 13: no space for [io  size 0x1000]
Sep  1 08:55:02 localhost kernel: pci 0000:00:15.7: BAR 13: failed to assign [io  size 0x1000]
Sep  1 08:55:02 localhost kernel: pci 0000:00:16.3: BAR 13: no space for [io  size 0x1000]
Sep  1 08:55:02 localhost kernel: pci 0000:00:16.3: BAR 13: failed to assign [io  size 0x1000]
Sep  1 08:55:02 localhost kernel: pci 0000:00:16.4: BAR 13: no space for [io  size 0x1000]
Sep  1 08:55:02 localhost kernel: pci 0000:00:16.4: BAR 13: failed to assign [io  size 0x1000]
Sep  1 08:55:02 localhost kernel: pci 0000:00:16.5: BAR 13: no space for [io  size 0x1000]
Sep  1 08:55:02 localhost kernel: pci 0000:00:16.5: BAR 13: failed to assign [io  size 0x1000]
Sep  1 08:55:02 localhost kernel: pci 0000:00:16.6: BAR 13: no space for [io  size 0x1000]
Sep  1 08:55:02 localhost kernel: pci 0000:00:16.6: BAR 13: failed to assign [io  size 0x1000]
Sep  1 08:55:02 localhost kernel: pci 0000:00:16.7: BAR 13: no space for [io  size 0x1000]
Sep  1 08:55:02 localhost kernel: pci 0000:00:16.7: BAR 13: failed to assign [io  size 0x1000]
Sep  1 08:55:02 localhost kernel: pci 0000:00:17.3: BAR 13: no space for [io  size 0x1000]
Sep  1 08:55:02 localhost kernel: pci 0000:00:17.3: BAR 13: failed to assign [io  size 0x1000]
Sep  1 08:55:02 localhost kernel: pci 0000:00:17.4: BAR 13: no space for [io  size 0x1000]
Sep  1 08:55:02 localhost kernel: pci 0000:00:17.4: BAR 13: failed to assign [io  size 0x1000]
Sep  1 08:55:02 localhost kernel: pci 0000:00:17.5: BAR 13: no space for [io  size 0x1000]
Sep  1 08:55:02 localhost kernel: pci 0000:00:17.5: BAR 13: failed to assign [io  size 0x1000]
Sep  1 08:55:02 localhost kernel: pci 0000:00:17.6: BAR 13: no space for [io  size 0x1000]
Sep  1 08:55:02 localhost kernel: pci 0000:00:17.6: BAR 13: failed to assign [io  size 0x1000]
Sep  1 08:55:02 localhost kernel: pci 0000:00:17.7: BAR 13: no space for [io  size 0x1000]
Sep  1 08:55:02 localhost kernel: pci 0000:00:17.7: BAR 13: failed to assign [io  size 0x1000]
Sep  1 08:55:02 localhost kernel: pci 0000:00:18.2: BAR 13: no space for [io  size 0x1000]
Sep  1 08:55:02 localhost kernel: pci 0000:00:18.2: BAR 13: failed to assign [io  size 0x1000]
Sep  1 08:55:02 localhost kernel: pci 0000:00:18.3: BAR 13: no space for [io  size 0x1000]
Sep  1 08:55:02 localhost kernel: pci 0000:00:18.3: BAR 13: failed to assign [io  size 0x1000]
Sep  1 08:55:02 localhost kernel: pci 0000:00:18.4: BAR 13: no space for [io  size 0x1000]
Sep  1 08:55:02 localhost kernel: pci 0000:00:18.4: BAR 13: failed to assign [io  size 0x1000]
Sep  1 08:55:02 localhost kernel: pci 0000:00:18.5: BAR 13: no space for [io  size 0x1000]
Sep  1 08:55:02 localhost kernel: pci 0000:00:18.5: BAR 13: failed to assign [io  size 0x1000]
Sep  1 08:55:02 localhost kernel: pci 0000:00:18.6: BAR 13: no space for [io  size 0x1000]
Sep  1 08:55:02 localhost kernel: pci 0000:00:18.6: BAR 13: failed to assign [io  size 0x1000]
Sep  1 08:55:02 localhost kernel: pci 0000:00:18.7: BAR 13: no space for [io  size 0x1000]
Sep  1 08:55:02 localhost kernel: pci 0000:00:18.7: BAR 13: failed to assign [io  size 0x1000]
Sep  1 08:55:02 localhost kernel: pci 0000:00:18.7: BAR 13: no space for [io  size 0x1000]
Sep  1 08:55:02 localhost kernel: pci 0000:00:18.7: BAR 13: failed to assign [io  size 0x1000]
Sep  1 08:55:02 localhost kernel: pci 0000:00:18.6: BAR 13: no space for [io  size 0x1000]
Sep  1 08:55:02 localhost kernel: pci 0000:00:18.6: BAR 13: failed to assign [io  size 0x1000]
Sep  1 08:55:02 localhost kernel: pci 0000:00:18.5: BAR 13: no space for [io  size 0x1000]
Sep  1 08:55:02 localhost kernel: pci 0000:00:18.5: BAR 13: failed to assign [io  size 0x1000]
Sep  1 08:55:02 localhost kernel: pci 0000:00:18.4: BAR 13: no space for [io  size 0x1000]
Sep  1 08:55:02 localhost kernel: pci 0000:00:18.4: BAR 13: failed to assign [io  size 0x1000]
Sep  1 08:55:02 localhost kernel: pci 0000:00:18.3: BAR 13: no space for [io  size 0x1000]
Sep  1 08:55:02 localhost kernel: pci 0000:00:18.3: BAR 13: failed to assign [io  size 0x1000]
Sep  1 08:55:02 localhost kernel: pci 0000:00:18.2: BAR 13: no space for [io  size 0x1000]
Sep  1 08:55:02 localhost kernel: pci 0000:00:18.2: BAR 13: failed to assign [io  size 0x1000]
Sep  1 08:55:02 localhost kernel: pci 0000:00:17.7: BAR 13: no space for [io  size 0x1000]
Sep  1 08:55:02 localhost kernel: pci 0000:00:17.7: BAR 13: failed to assign [io  size 0x1000]
Sep  1 08:55:02 localhost kernel: pci 0000:00:17.6: BAR 13: no space for [io  size 0x1000]
Sep  1 08:55:02 localhost kernel: pci 0000:00:17.6: BAR 13: failed to assign [io  size 0x1000]
Sep  1 08:55:02 localhost kernel: pci 0000:00:17.5: BAR 13: no space for [io  size 0x1000]
Sep  1 08:55:02 localhost kernel: pci 0000:00:17.5: BAR 13: failed to assign [io  size 0x1000]
Sep  1 08:55:02 localhost kernel: pci 0000:00:17.4: BAR 13: no space for [io  size 0x1000]
Sep  1 08:55:02 localhost kernel: pci 0000:00:17.4: BAR 13: failed to assign [io  size 0x1000]
Sep  1 08:55:02 localhost kernel: pci 0000:00:17.3: BAR 13: no space for [io  size 0x1000]
Sep  1 08:55:02 localhost kernel: pci 0000:00:17.3: BAR 13: failed to assign [io  size 0x1000]
Sep  1 08:55:02 localhost kernel: pci 0000:00:16.7: BAR 13: no space for [io  size 0x1000]
Sep  1 08:55:02 localhost kernel: pci 0000:00:16.7: BAR 13: failed to assign [io  size 0x1000]
Sep  1 08:55:02 localhost kernel: pci 0000:00:16.6: BAR 13: no space for [io  size 0x1000]
Sep  1 08:55:02 localhost kernel: pci 0000:00:16.6: BAR 13: failed to assign [io  size 0x1000]
Sep  1 08:55:02 localhost kernel: pci 0000:00:16.5: BAR 13: no space for [io  size 0x1000]
Sep  1 08:55:02 localhost kernel: pci 0000:00:16.5: BAR 13: failed to assign [io  size 0x1000]
Sep  1 08:55:02 localhost kernel: pci 0000:00:16.4: BAR 13: no space for [io  size 0x1000]
Sep  1 08:55:02 localhost kernel: pci 0000:00:16.4: BAR 13: failed to assign [io  size 0x1000]
Sep  1 08:55:02 localhost kernel: pci 0000:00:16.3: BAR 13: no space for [io  size 0x1000]
Sep  1 08:55:02 localhost kernel: pci 0000:00:16.3: BAR 13: failed to assign [io  size 0x1000]
Sep  1 08:55:02 localhost kernel: pci 0000:00:15.7: BAR 13: no space for [io  size 0x1000]
Sep  1 08:55:02 localhost kernel: pci 0000:00:15.7: BAR 13: failed to assign [io  size 0x1000]
Sep  1 08:55:02 localhost kernel: pci 0000:00:15.6: BAR 13: no space for [io  size 0x1000]
Sep  1 08:55:02 localhost kernel: pci 0000:00:15.6: BAR 13: failed to assign [io  size 0x1000]
Sep  1 08:55:02 localhost kernel: pci 0000:00:15.5: BAR 13: no space for [io  size 0x1000]
Sep  1 08:55:02 localhost kernel: pci 0000:00:15.5: BAR 13: failed to assign [io  size 0x1000]
Sep  1 08:55:02 localhost kernel: pci 0000:00:15.4: BAR 13: no space for [io  size 0x1000]
Sep  1 08:55:02 localhost kernel: pci 0000:00:15.4: BAR 13: failed to assign [io  size 0x1000]
Sep  1 08:55:02 localhost kernel: pci 0000:00:15.3: BAR 13: no space for [io  size 0x1000]
Sep  1 08:55:02 localhost kernel: pci 0000:00:15.3: BAR 13: failed to assign [io  size 0x1000]
Sep  1 08:55:02 localhost kernel: pci 0000:00:01.0: PCI bridge to [bus 01]
Sep  1 08:55:02 localhost kernel: pci 0000:02:01.0: BAR 6: assigned [mem 0xfd500000-0xfd50ffff pref]
Sep  1 08:55:02 localhost kernel: pci 0000:00:11.0: PCI bridge to [bus 02]
Sep  1 08:55:02 localhost kernel: pci 0000:00:11.0:   bridge window [io  0x2000-0x3fff]
Sep  1 08:55:02 localhost kernel: pci 0000:00:11.0:   bridge window [mem 0xfd500000-0xfdffffff]
Sep  1 08:55:02 localhost kernel: pci 0000:00:11.0:   bridge window [mem 0xe7b00000-0xe7ffffff 64bit pref]
Sep  1 08:55:02 localhost kernel: pci 0000:00:15.0: PCI bridge to [bus 03]
Sep  1 08:55:02 localhost kernel: pci 0000:00:15.0:   bridge window [io  0x4000-0x4fff]
Sep  1 08:55:02 localhost kernel: pci 0000:00:15.0:   bridge window [mem 0xfd400000-0xfd4fffff]
Sep  1 08:55:02 localhost kernel: pci 0000:00:15.0:   bridge window [mem 0xe7a00000-0xe7afffff 64bit pref]
Sep  1 08:55:02 localhost kernel: pci 0000:00:15.1: PCI bridge to [bus 04]
Sep  1 08:55:02 localhost kernel: pci 0000:00:15.1:   bridge window [io  0x8000-0x8fff]
Sep  1 08:55:02 localhost kernel: pci 0000:00:15.1:   bridge window [mem 0xfd000000-0xfd0fffff]
Sep  1 08:55:02 localhost kernel: pci 0000:00:15.1:   bridge window [mem 0xe7600000-0xe76fffff 64bit pref]
Sep  1 08:55:02 localhost kernel: pci 0000:00:15.2: PCI bridge to [bus 05]
Sep  1 08:55:02 localhost kernel: pci 0000:00:15.2:   bridge window [io  0xc000-0xcfff]
Sep  1 08:55:02 localhost kernel: pci 0000:00:15.2:   bridge window [mem 0xfcc00000-0xfccfffff]
Sep  1 08:55:02 localhost kernel: pci 0000:00:15.2:   bridge window [mem 0xe7200000-0xe72fffff 64bit pref]
Sep  1 08:55:02 localhost kernel: pci 0000:00:15.3: PCI bridge to [bus 06]
Sep  1 08:55:02 localhost kernel: pci 0000:00:15.3:   bridge window [mem 0xfc800000-0xfc8fffff]
Sep  1 08:55:02 localhost kernel: pci 0000:00:15.3:   bridge window [mem 0xe6e00000-0xe6efffff 64bit pref]
Sep  1 08:55:02 localhost kernel: pci 0000:00:15.4: PCI bridge to [bus 07]
Sep  1 08:55:02 localhost kernel: pci 0000:00:15.4:   bridge window [mem 0xfc400000-0xfc4fffff]
Sep  1 08:55:02 localhost kernel: pci 0000:00:15.4:   bridge window [mem 0xe6a00000-0xe6afffff 64bit pref]
Sep  1 08:55:02 localhost kernel: pci 0000:00:15.5: PCI bridge to [bus 08]
Sep  1 08:55:02 localhost kernel: pci 0000:00:15.5:   bridge window [mem 0xfc000000-0xfc0fffff]
Sep  1 08:55:02 localhost kernel: pci 0000:00:15.5:   bridge window [mem 0xe6600000-0xe66fffff 64bit pref]
Sep  1 08:55:02 localhost kernel: pci 0000:00:15.6: PCI bridge to [bus 09]
Sep  1 08:55:02 localhost kernel: pci 0000:00:15.6:   bridge window [mem 0xfbc00000-0xfbcfffff]
Sep  1 08:55:02 localhost kernel: pci 0000:00:15.6:   bridge window [mem 0xe6200000-0xe62fffff 64bit pref]
Sep  1 08:55:02 localhost kernel: pci 0000:00:15.7: PCI bridge to [bus 0a]
Sep  1 08:55:02 localhost kernel: pci 0000:00:15.7:   bridge window [mem 0xfb800000-0xfb8fffff]
Sep  1 08:55:02 localhost kernel: pci 0000:00:15.7:   bridge window [mem 0xe5e00000-0xe5efffff 64bit pref]
Sep  1 08:55:02 localhost kernel: pci 0000:00:16.0: PCI bridge to [bus 0b]
Sep  1 08:55:02 localhost kernel: pci 0000:00:16.0:   bridge window [io  0x5000-0x5fff]
Sep  1 08:55:02 localhost kernel: pci 0000:00:16.0:   bridge window [mem 0xfd300000-0xfd3fffff]
Sep  1 08:55:02 localhost kernel: pci 0000:00:16.0:   bridge window [mem 0xe7900000-0xe79fffff 64bit pref]
Sep  1 08:55:02 localhost kernel: pci 0000:00:16.1: PCI bridge to [bus 0c]
Sep  1 08:55:02 localhost kernel: pci 0000:00:16.1:   bridge window [io  0x9000-0x9fff]
Sep  1 08:55:02 localhost kernel: pci 0000:00:16.1:   bridge window [mem 0xfcf00000-0xfcffffff]
Sep  1 08:55:02 localhost kernel: pci 0000:00:16.1:   bridge window [mem 0xe7500000-0xe75fffff 64bit pref]
Sep  1 08:55:02 localhost kernel: pci 0000:00:16.2: PCI bridge to [bus 0d]
Sep  1 08:55:02 localhost kernel: pci 0000:00:16.2:   bridge window [io  0xd000-0xdfff]
Sep  1 08:55:02 localhost kernel: pci 0000:00:16.2:   bridge window [mem 0xfcb00000-0xfcbfffff]
Sep  1 08:55:02 localhost kernel: pci 0000:00:16.2:   bridge window [mem 0xe7100000-0xe71fffff 64bit pref]
Sep  1 08:55:02 localhost kernel: pci 0000:00:16.3: PCI bridge to [bus 0e]
Sep  1 08:55:02 localhost kernel: pci 0000:00:16.3:   bridge window [mem 0xfc700000-0xfc7fffff]
Sep  1 08:55:02 localhost kernel: pci 0000:00:16.3:   bridge window [mem 0xe6d00000-0xe6dfffff 64bit pref]
Sep  1 08:55:02 localhost kernel: pci 0000:00:16.4: PCI bridge to [bus 0f]
Sep  1 08:55:02 localhost kernel: pci 0000:00:16.4:   bridge window [mem 0xfc300000-0xfc3fffff]
Sep  1 08:55:02 localhost kernel: pci 0000:00:16.4:   bridge window [mem 0xe6900000-0xe69fffff 64bit pref]
Sep  1 08:55:02 localhost kernel: pci 0000:00:16.5: PCI bridge to [bus 10]
Sep  1 08:55:02 localhost kernel: pci 0000:00:16.5:   bridge window [mem 0xfbf00000-0xfbffffff]
Sep  1 08:55:02 localhost kernel: pci 0000:00:16.5:   bridge window [mem 0xe6500000-0xe65fffff 64bit pref]
Sep  1 08:55:02 localhost kernel: pci 0000:00:16.6: PCI bridge to [bus 11]
Sep  1 08:55:02 localhost kernel: pci 0000:00:16.6:   bridge window [mem 0xfbb00000-0xfbbfffff]
Sep  1 08:55:02 localhost kernel: pci 0000:00:16.6:   bridge window [mem 0xe6100000-0xe61fffff 64bit pref]
Sep  1 08:55:02 localhost kernel: pci 0000:00:16.7: PCI bridge to [bus 12]
Sep  1 08:55:02 localhost kernel: pci 0000:00:16.7:   bridge window [mem 0xfb700000-0xfb7fffff]
Sep  1 08:55:02 localhost kernel: pci 0000:00:16.7:   bridge window [mem 0xe5d00000-0xe5dfffff 64bit pref]
Sep  1 08:55:02 localhost kernel: pci 0000:00:17.0: PCI bridge to [bus 13]
Sep  1 08:55:02 localhost kernel: pci 0000:00:17.0:   bridge window [io  0x6000-0x6fff]
Sep  1 08:55:02 localhost kernel: pci 0000:00:17.0:   bridge window [mem 0xfd200000-0xfd2fffff]
Sep  1 08:55:02 localhost kernel: pci 0000:00:17.0:   bridge window [mem 0xe7800000-0xe78fffff 64bit pref]
Sep  1 08:55:02 localhost kernel: pci 0000:00:17.1: PCI bridge to [bus 14]
Sep  1 08:55:02 localhost kernel: pci 0000:00:17.1:   bridge window [io  0xa000-0xafff]
Sep  1 08:55:02 localhost kernel: pci 0000:00:17.1:   bridge window [mem 0xfce00000-0xfcefffff]
Sep  1 08:55:02 localhost kernel: pci 0000:00:17.1:   bridge window [mem 0xe7400000-0xe74fffff 64bit pref]
Sep  1 08:55:02 localhost kernel: pci 0000:00:17.2: PCI bridge to [bus 15]
Sep  1 08:55:02 localhost kernel: pci 0000:00:17.2:   bridge window [io  0xe000-0xefff]
Sep  1 08:55:02 localhost kernel: pci 0000:00:17.2:   bridge window [mem 0xfca00000-0xfcafffff]
Sep  1 08:55:02 localhost kernel: pci 0000:00:17.2:   bridge window [mem 0xe7000000-0xe70fffff 64bit pref]
Sep  1 08:55:02 localhost kernel: pci 0000:00:17.3: PCI bridge to [bus 16]
Sep  1 08:55:02 localhost kernel: pci 0000:00:17.3:   bridge window [mem 0xfc600000-0xfc6fffff]
Sep  1 08:55:02 localhost kernel: pci 0000:00:17.3:   bridge window [mem 0xe6c00000-0xe6cfffff 64bit pref]
Sep  1 08:55:02 localhost kernel: pci 0000:00:17.4: PCI bridge to [bus 17]
Sep  1 08:55:02 localhost kernel: pci 0000:00:17.4:   bridge window [mem 0xfc200000-0xfc2fffff]
Sep  1 08:55:02 localhost kernel: pci 0000:00:17.4:   bridge window [mem 0xe6800000-0xe68fffff 64bit pref]
Sep  1 08:55:02 localhost kernel: pci 0000:00:17.5: PCI bridge to [bus 18]
Sep  1 08:55:02 localhost kernel: pci 0000:00:17.5:   bridge window [mem 0xfbe00000-0xfbefffff]
Sep  1 08:55:02 localhost kernel: pci 0000:00:17.5:   bridge window [mem 0xe6400000-0xe64fffff 64bit pref]
Sep  1 08:55:02 localhost kernel: pci 0000:00:17.6: PCI bridge to [bus 19]
Sep  1 08:55:02 localhost kernel: pci 0000:00:17.6:   bridge window [mem 0xfba00000-0xfbafffff]
Sep  1 08:55:02 localhost kernel: pci 0000:00:17.6:   bridge window [mem 0xe6000000-0xe60fffff 64bit pref]
Sep  1 08:55:02 localhost kernel: pci 0000:00:17.7: PCI bridge to [bus 1a]
Sep  1 08:55:02 localhost kernel: pci 0000:00:17.7:   bridge window [mem 0xfb600000-0xfb6fffff]
Sep  1 08:55:02 localhost kernel: pci 0000:00:17.7:   bridge window [mem 0xe5c00000-0xe5cfffff 64bit pref]
Sep  1 08:55:02 localhost kernel: pci 0000:00:18.0: PCI bridge to [bus 1b]
Sep  1 08:55:02 localhost kernel: pci 0000:00:18.0:   bridge window [io  0x7000-0x7fff]
Sep  1 08:55:02 localhost kernel: pci 0000:00:18.0:   bridge window [mem 0xfd100000-0xfd1fffff]
Sep  1 08:55:02 localhost kernel: pci 0000:00:18.0:   bridge window [mem 0xe7700000-0xe77fffff 64bit pref]
Sep  1 08:55:02 localhost kernel: pci 0000:00:18.1: PCI bridge to [bus 1c]
Sep  1 08:55:02 localhost kernel: pci 0000:00:18.1:   bridge window [io  0xb000-0xbfff]
Sep  1 08:55:02 localhost kernel: pci 0000:00:18.1:   bridge window [mem 0xfcd00000-0xfcdfffff]
Sep  1 08:55:02 localhost kernel: pci 0000:00:18.1:   bridge window [mem 0xe7300000-0xe73fffff 64bit pref]
Sep  1 08:55:02 localhost kernel: pci 0000:00:18.2: PCI bridge to [bus 1d]
Sep  1 08:55:02 localhost kernel: pci 0000:00:18.2:   bridge window [mem 0xfc900000-0xfc9fffff]
Sep  1 08:55:02 localhost kernel: pci 0000:00:18.2:   bridge window [mem 0xe6f00000-0xe6ffffff 64bit pref]
Sep  1 08:55:02 localhost kernel: pci 0000:00:18.3: PCI bridge to [bus 1e]
Sep  1 08:55:02 localhost kernel: pci 0000:00:18.3:   bridge window [mem 0xfc500000-0xfc5fffff]
Sep  1 08:55:02 localhost kernel: pci 0000:00:18.3:   bridge window [mem 0xe6b00000-0xe6bfffff 64bit pref]
Sep  1 08:55:02 localhost kernel: pci 0000:00:18.4: PCI bridge to [bus 1f]
Sep  1 08:55:02 localhost kernel: pci 0000:00:18.4:   bridge window [mem 0xfc100000-0xfc1fffff]
Sep  1 08:55:02 localhost kernel: pci 0000:00:18.4:   bridge window [mem 0xe6700000-0xe67fffff 64bit pref]
Sep  1 08:55:02 localhost kernel: pci 0000:00:18.5: PCI bridge to [bus 20]
Sep  1 08:55:02 localhost kernel: pci 0000:00:18.5:   bridge window [mem 0xfbd00000-0xfbdfffff]
Sep  1 08:55:02 localhost kernel: pci 0000:00:18.5:   bridge window [mem 0xe6300000-0xe63fffff 64bit pref]
Sep  1 08:55:02 localhost kernel: pci 0000:00:18.6: PCI bridge to [bus 21]
Sep  1 08:55:02 localhost kernel: pci 0000:00:18.6:   bridge window [mem 0xfb900000-0xfb9fffff]
Sep  1 08:55:02 localhost kernel: pci 0000:00:18.6:   bridge window [mem 0xe5f00000-0xe5ffffff 64bit pref]
Sep  1 08:55:02 localhost kernel: pci 0000:00:18.7: PCI bridge to [bus 22]
Sep  1 08:55:02 localhost kernel: pci 0000:00:18.7:   bridge window [mem 0xfb500000-0xfb5fffff]
Sep  1 08:55:02 localhost kernel: pci 0000:00:18.7:   bridge window [mem 0xe5b00000-0xe5bfffff 64bit pref]
Sep  1 08:55:02 localhost kernel: NET: Registered protocol family 2
Sep  1 08:55:02 localhost kernel: TCP established hash table entries: 8192 (order: 4, 65536 bytes)
Sep  1 08:55:02 localhost kernel: TCP bind hash table entries: 8192 (order: 5, 131072 bytes)
Sep  1 08:55:02 localhost kernel: TCP: Hash tables configured (established 8192 bind 8192)
Sep  1 08:55:02 localhost kernel: TCP: reno registered
Sep  1 08:55:02 localhost kernel: UDP hash table entries: 512 (order: 2, 16384 bytes)
Sep  1 08:55:02 localhost kernel: UDP-Lite hash table entries: 512 (order: 2, 16384 bytes)
Sep  1 08:55:02 localhost kernel: NET: Registered protocol family 1
Sep  1 08:55:02 localhost kernel: pci 0000:00:00.0: Limiting direct PCI/PCI transfers
Sep  1 08:55:02 localhost kernel: Unpacking initramfs...
Sep  1 08:55:02 localhost kernel: Freeing initrd memory: 28488k freed
Sep  1 08:55:02 localhost kernel: RAPL PMU: API unit is 2^-32 Joules, 5 fixed counters, 10737418240 ms ovfl timer
Sep  1 08:55:02 localhost kernel: RAPL PMU: hw unit of domain pp0-core 2^-0 Joules
Sep  1 08:55:02 localhost kernel: RAPL PMU: hw unit of domain package 2^-0 Joules
Sep  1 08:55:02 localhost kernel: RAPL PMU: hw unit of domain dram 2^-0 Joules
Sep  1 08:55:02 localhost kernel: RAPL PMU: hw unit of domain pp1-gpu 2^-0 Joules
Sep  1 08:55:02 localhost kernel: RAPL PMU: hw unit of domain psys 2^-0 Joules
Sep  1 08:55:02 localhost kernel: Simple Boot Flag at 0x36 set to 0x80
Sep  1 08:55:02 localhost kernel: Switched to clocksource tsc
Sep  1 08:55:02 localhost kernel: sha1_ssse3: Using AVX2 optimized SHA-1 implementation
Sep  1 08:55:02 localhost kernel: sha256_ssse3: Using AVX2 optimized SHA-256 implementation
Sep  1 08:55:02 localhost kernel: futex hash table entries: 32768 (order: 9, 2097152 bytes)
Sep  1 08:55:02 localhost kernel: Initialise system trusted keyring
Sep  1 08:55:02 localhost kernel: audit: initializing netlink socket (disabled)
Sep  1 08:55:02 localhost kernel: type=2000 audit(1598975701.812:1): initialized
Sep  1 08:55:02 localhost kernel: HugeTLB registered 1 GB page size, pre-allocated 0 pages
Sep  1 08:55:02 localhost kernel: HugeTLB registered 2 MB page size, pre-allocated 0 pages
Sep  1 08:55:02 localhost kernel: zpool: loaded
Sep  1 08:55:02 localhost kernel: zbud: loaded
Sep  1 08:55:02 localhost kernel: VFS: Disk quotas dquot_6.5.2
Sep  1 08:55:02 localhost kernel: Dquot-cache hash table entries: 512 (order 0, 4096 bytes)
Sep  1 08:55:02 localhost kernel: msgmni has been set to 1942
Sep  1 08:55:02 localhost kernel: Key type big_key registered
Sep  1 08:55:02 localhost kernel: NET: Registered protocol family 38
Sep  1 08:55:02 localhost kernel: Key type asymmetric registered
Sep  1 08:55:02 localhost kernel: Asymmetric key parser 'x509' registered
Sep  1 08:55:02 localhost kernel: Block layer SCSI generic (bsg) driver version 0.4 loaded (major 248)
Sep  1 08:55:02 localhost kernel: io scheduler noop registered
Sep  1 08:55:02 localhost kernel: io scheduler deadline registered (default)
Sep  1 08:55:02 localhost kernel: io scheduler cfq registered
Sep  1 08:55:02 localhost kernel: io scheduler mq-deadline registered
Sep  1 08:55:02 localhost kernel: io scheduler kyber registered
Sep  1 08:55:02 localhost kernel: pcieport 0000:00:15.0: Signaling PME through PCIe PME interrupt
Sep  1 08:55:02 localhost kernel: pcieport 0000:00:15.1: Signaling PME through PCIe PME interrupt
Sep  1 08:55:02 localhost kernel: pcieport 0000:00:15.2: Signaling PME through PCIe PME interrupt
Sep  1 08:55:02 localhost kernel: pcieport 0000:00:15.3: Signaling PME through PCIe PME interrupt
Sep  1 08:55:02 localhost kernel: pcieport 0000:00:15.4: Signaling PME through PCIe PME interrupt
Sep  1 08:55:02 localhost kernel: pcieport 0000:00:15.5: Signaling PME through PCIe PME interrupt
Sep  1 08:55:02 localhost kernel: pcieport 0000:00:15.6: Signaling PME through PCIe PME interrupt
Sep  1 08:55:02 localhost kernel: pcieport 0000:00:15.7: Signaling PME through PCIe PME interrupt
Sep  1 08:55:02 localhost kernel: pcieport 0000:00:16.0: Signaling PME through PCIe PME interrupt
Sep  1 08:55:02 localhost kernel: pcieport 0000:00:16.1: Signaling PME through PCIe PME interrupt
Sep  1 08:55:02 localhost kernel: pcieport 0000:00:16.2: Signaling PME through PCIe PME interrupt
Sep  1 08:55:02 localhost kernel: pcieport 0000:00:16.3: Signaling PME through PCIe PME interrupt
Sep  1 08:55:02 localhost kernel: pcieport 0000:00:16.4: Signaling PME through PCIe PME interrupt
Sep  1 08:55:02 localhost kernel: pcieport 0000:00:16.5: Signaling PME through PCIe PME interrupt
Sep  1 08:55:02 localhost kernel: pcieport 0000:00:16.6: Signaling PME through PCIe PME interrupt
Sep  1 08:55:02 localhost kernel: pcieport 0000:00:16.7: Signaling PME through PCIe PME interrupt
Sep  1 08:55:02 localhost kernel: pcieport 0000:00:17.0: Signaling PME through PCIe PME interrupt
Sep  1 08:55:02 localhost kernel: pcieport 0000:00:17.1: Signaling PME through PCIe PME interrupt
Sep  1 08:55:02 localhost kernel: pcieport 0000:00:17.2: Signaling PME through PCIe PME interrupt
Sep  1 08:55:02 localhost kernel: pcieport 0000:00:17.3: Signaling PME through PCIe PME interrupt
Sep  1 08:55:02 localhost kernel: pcieport 0000:00:17.4: Signaling PME through PCIe PME interrupt
Sep  1 08:55:02 localhost kernel: pcieport 0000:00:17.5: Signaling PME through PCIe PME interrupt
Sep  1 08:55:02 localhost kernel: pcieport 0000:00:17.6: Signaling PME through PCIe PME interrupt
Sep  1 08:55:02 localhost kernel: pcieport 0000:00:17.7: Signaling PME through PCIe PME interrupt
Sep  1 08:55:02 localhost kernel: pcieport 0000:00:18.0: Signaling PME through PCIe PME interrupt
Sep  1 08:55:02 localhost kernel: pcieport 0000:00:18.1: Signaling PME through PCIe PME interrupt
Sep  1 08:55:02 localhost kernel: pcieport 0000:00:18.2: Signaling PME through PCIe PME interrupt
Sep  1 08:55:02 localhost kernel: pcieport 0000:00:18.3: Signaling PME through PCIe PME interrupt
Sep  1 08:55:02 localhost kernel: pcieport 0000:00:18.4: Signaling PME through PCIe PME interrupt
Sep  1 08:55:02 localhost kernel: pcieport 0000:00:18.5: Signaling PME through PCIe PME interrupt
Sep  1 08:55:02 localhost kernel: pcieport 0000:00:18.6: Signaling PME through PCIe PME interrupt
Sep  1 08:55:02 localhost kernel: pcieport 0000:00:18.7: Signaling PME through PCIe PME interrupt
Sep  1 08:55:02 localhost kernel: pci_hotplug: PCI Hot Plug PCI Core version: 0.5
Sep  1 08:55:02 localhost kernel: pciehp 0000:00:15.0:pcie004: Slot #160 AttnBtn+ PwrCtrl+ MRL- AttnInd- PwrInd- HotPlug+ Surprise- Interlock- NoCompl+ LLActRep+
Sep  1 08:55:02 localhost kernel: pciehp 0000:00:15.1:pcie004: Slot #161 AttnBtn+ PwrCtrl+ MRL- AttnInd- PwrInd- HotPlug+ Surprise- Interlock- NoCompl+ LLActRep+
Sep  1 08:55:02 localhost kernel: pciehp 0000:00:15.2:pcie004: Slot #162 AttnBtn+ PwrCtrl+ MRL- AttnInd- PwrInd- HotPlug+ Surprise- Interlock- NoCompl+ LLActRep+
Sep  1 08:55:02 localhost kernel: pciehp 0000:00:15.3:pcie004: Slot #163 AttnBtn+ PwrCtrl+ MRL- AttnInd- PwrInd- HotPlug+ Surprise- Interlock- NoCompl+ LLActRep+
Sep  1 08:55:02 localhost kernel: pciehp 0000:00:15.4:pcie004: Slot #164 AttnBtn+ PwrCtrl+ MRL- AttnInd- PwrInd- HotPlug+ Surprise- Interlock- NoCompl+ LLActRep+
Sep  1 08:55:02 localhost kernel: pciehp 0000:00:15.5:pcie004: Slot #165 AttnBtn+ PwrCtrl+ MRL- AttnInd- PwrInd- HotPlug+ Surprise- Interlock- NoCompl+ LLActRep+
Sep  1 08:55:02 localhost kernel: pciehp 0000:00:15.6:pcie004: Slot #166 AttnBtn+ PwrCtrl+ MRL- AttnInd- PwrInd- HotPlug+ Surprise- Interlock- NoCompl+ LLActRep+
Sep  1 08:55:02 localhost kernel: pciehp 0000:00:15.7:pcie004: Slot #167 AttnBtn+ PwrCtrl+ MRL- AttnInd- PwrInd- HotPlug+ Surprise- Interlock- NoCompl+ LLActRep+
Sep  1 08:55:02 localhost kernel: pciehp 0000:00:16.0:pcie004: Slot #192 AttnBtn+ PwrCtrl+ MRL- AttnInd- PwrInd- HotPlug+ Surprise- Interlock- NoCompl+ LLActRep+
Sep  1 08:55:02 localhost kernel: pciehp 0000:00:16.1:pcie004: Slot #193 AttnBtn+ PwrCtrl+ MRL- AttnInd- PwrInd- HotPlug+ Surprise- Interlock- NoCompl+ LLActRep+
Sep  1 08:55:02 localhost kernel: pciehp 0000:00:16.2:pcie004: Slot #194 AttnBtn+ PwrCtrl+ MRL- AttnInd- PwrInd- HotPlug+ Surprise- Interlock- NoCompl+ LLActRep+
Sep  1 08:55:02 localhost kernel: pciehp 0000:00:16.3:pcie004: Slot #195 AttnBtn+ PwrCtrl+ MRL- AttnInd- PwrInd- HotPlug+ Surprise- Interlock- NoCompl+ LLActRep+
Sep  1 08:55:02 localhost kernel: pciehp 0000:00:16.4:pcie004: Slot #196 AttnBtn+ PwrCtrl+ MRL- AttnInd- PwrInd- HotPlug+ Surprise- Interlock- NoCompl+ LLActRep+
Sep  1 08:55:02 localhost kernel: pciehp 0000:00:16.5:pcie004: Slot #197 AttnBtn+ PwrCtrl+ MRL- AttnInd- PwrInd- HotPlug+ Surprise- Interlock- NoCompl+ LLActRep+
Sep  1 08:55:02 localhost kernel: pciehp 0000:00:16.6:pcie004: Slot #198 AttnBtn+ PwrCtrl+ MRL- AttnInd- PwrInd- HotPlug+ Surprise- Interlock- NoCompl+ LLActRep+
Sep  1 08:55:02 localhost kernel: pciehp 0000:00:16.7:pcie004: Slot #199 AttnBtn+ PwrCtrl+ MRL- AttnInd- PwrInd- HotPlug+ Surprise- Interlock- NoCompl+ LLActRep+
Sep  1 08:55:02 localhost kernel: pciehp 0000:00:17.0:pcie004: Slot #224 AttnBtn+ PwrCtrl+ MRL- AttnInd- PwrInd- HotPlug+ Surprise- Interlock- NoCompl+ LLActRep+
Sep  1 08:55:02 localhost kernel: pciehp 0000:00:17.1:pcie004: Slot #225 AttnBtn+ PwrCtrl+ MRL- AttnInd- PwrInd- HotPlug+ Surprise- Interlock- NoCompl+ LLActRep+
Sep  1 08:55:02 localhost kernel: pciehp 0000:00:17.2:pcie004: Slot #226 AttnBtn+ PwrCtrl+ MRL- AttnInd- PwrInd- HotPlug+ Surprise- Interlock- NoCompl+ LLActRep+
Sep  1 08:55:02 localhost kernel: pciehp 0000:00:17.3:pcie004: Slot #227 AttnBtn+ PwrCtrl+ MRL- AttnInd- PwrInd- HotPlug+ Surprise- Interlock- NoCompl+ LLActRep+
Sep  1 08:55:02 localhost kernel: pciehp 0000:00:17.4:pcie004: Slot #228 AttnBtn+ PwrCtrl+ MRL- AttnInd- PwrInd- HotPlug+ Surprise- Interlock- NoCompl+ LLActRep+
Sep  1 08:55:02 localhost kernel: pciehp 0000:00:17.5:pcie004: Slot #229 AttnBtn+ PwrCtrl+ MRL- AttnInd- PwrInd- HotPlug+ Surprise- Interlock- NoCompl+ LLActRep+
Sep  1 08:55:02 localhost kernel: pciehp 0000:00:17.6:pcie004: Slot #230 AttnBtn+ PwrCtrl+ MRL- AttnInd- PwrInd- HotPlug+ Surprise- Interlock- NoCompl+ LLActRep+
Sep  1 08:55:02 localhost kernel: pciehp 0000:00:17.7:pcie004: Slot #231 AttnBtn+ PwrCtrl+ MRL- AttnInd- PwrInd- HotPlug+ Surprise- Interlock- NoCompl+ LLActRep+
Sep  1 08:55:02 localhost kernel: pciehp 0000:00:18.0:pcie004: Slot #256 AttnBtn+ PwrCtrl+ MRL- AttnInd- PwrInd- HotPlug+ Surprise- Interlock- NoCompl+ LLActRep+
Sep  1 08:55:02 localhost kernel: pciehp 0000:00:18.1:pcie004: Slot #257 AttnBtn+ PwrCtrl+ MRL- AttnInd- PwrInd- HotPlug+ Surprise- Interlock- NoCompl+ LLActRep+
Sep  1 08:55:02 localhost kernel: pciehp 0000:00:18.2:pcie004: Slot #258 AttnBtn+ PwrCtrl+ MRL- AttnInd- PwrInd- HotPlug+ Surprise- Interlock- NoCompl+ LLActRep+
Sep  1 08:55:02 localhost kernel: pciehp 0000:00:18.3:pcie004: Slot #259 AttnBtn+ PwrCtrl+ MRL- AttnInd- PwrInd- HotPlug+ Surprise- Interlock- NoCompl+ LLActRep+
Sep  1 08:55:02 localhost kernel: pciehp 0000:00:18.4:pcie004: Slot #260 AttnBtn+ PwrCtrl+ MRL- AttnInd- PwrInd- HotPlug+ Surprise- Interlock- NoCompl+ LLActRep+
Sep  1 08:55:02 localhost kernel: pciehp 0000:00:18.5:pcie004: Slot #261 AttnBtn+ PwrCtrl+ MRL- AttnInd- PwrInd- HotPlug+ Surprise- Interlock- NoCompl+ LLActRep+
Sep  1 08:55:02 localhost kernel: pciehp 0000:00:18.6:pcie004: Slot #262 AttnBtn+ PwrCtrl+ MRL- AttnInd- PwrInd- HotPlug+ Surprise- Interlock- NoCompl+ LLActRep+
Sep  1 08:55:02 localhost kernel: pciehp 0000:00:18.7:pcie004: Slot #263 AttnBtn+ PwrCtrl+ MRL- AttnInd- PwrInd- HotPlug+ Surprise- Interlock- NoCompl+ LLActRep+
Sep  1 08:55:02 localhost kernel: pciehp: PCI Express Hot Plug Controller Driver version: 0.4
Sep  1 08:55:02 localhost kernel: ACPI: AC Adapter [ACAD] (on-line)
Sep  1 08:55:02 localhost kernel: input: Power Button as /devices/LNXSYSTM:00/LNXPWRBN:00/input/input0
Sep  1 08:55:02 localhost kernel: ACPI: Power Button [PWRF]
Sep  1 08:55:02 localhost kernel: GHES: HEST is not enabled!
Sep  1 08:55:02 localhost kernel: Serial: 8250/16550 driver, 4 ports, IRQ sharing enabled
Sep  1 08:55:02 localhost kernel: 00:05: ttyS0 at I/O 0x3f8 (irq = 4) is a 16550A
Sep  1 08:55:02 localhost kernel: Non-volatile memory driver v1.3
Sep  1 08:55:02 localhost kernel: Linux agpgart interface v0.103
Sep  1 08:55:02 localhost kernel: agpgart-intel 0000:00:00.0: Intel 440BX Chipset
Sep  1 08:55:02 localhost kernel: agpgart-intel 0000:00:00.0: AGP aperture is 256M @ 0x0
Sep  1 08:55:02 localhost kernel: crash memory driver: version 1.1
Sep  1 08:55:02 localhost kernel: rdac: device handler registered
Sep  1 08:55:02 localhost kernel: hp_sw: device handler registered
Sep  1 08:55:02 localhost kernel: emc: device handler registered
Sep  1 08:55:02 localhost kernel: alua: device handler registered
Sep  1 08:55:02 localhost kernel: libphy: Fixed MDIO Bus: probed
Sep  1 08:55:02 localhost kernel: ehci_hcd: USB 2.0 'Enhanced' Host Controller (EHCI) Driver
Sep  1 08:55:02 localhost kernel: ehci-pci: EHCI PCI platform driver
Sep  1 08:55:02 localhost kernel: ehci-pci 0000:02:03.0: EHCI Host Controller
Sep  1 08:55:02 localhost kernel: ehci-pci 0000:02:03.0: new USB bus registered, assigned bus number 1
Sep  1 08:55:02 localhost kernel: ehci-pci 0000:02:03.0: irq 17, io mem 0xfd5ef000
Sep  1 08:55:02 localhost kernel: ehci-pci 0000:02:03.0: USB 2.0 started, EHCI 1.00
Sep  1 08:55:02 localhost kernel: usb usb1: New USB device found, idVendor=1d6b, idProduct=0002
Sep  1 08:55:02 localhost kernel: usb usb1: New USB device strings: Mfr=3, Product=2, SerialNumber=1
Sep  1 08:55:02 localhost kernel: usb usb1: Product: EHCI Host Controller
Sep  1 08:55:02 localhost kernel: usb usb1: Manufacturer: Linux 3.10.0-862.el7.x86_64 ehci_hcd
Sep  1 08:55:02 localhost kernel: usb usb1: SerialNumber: 0000:02:03.0
Sep  1 08:55:02 localhost kernel: hub 1-0:1.0: USB hub found
Sep  1 08:55:02 localhost kernel: hub 1-0:1.0: 6 ports detected
Sep  1 08:55:02 localhost kernel: ohci_hcd: USB 1.1 'Open' Host Controller (OHCI) Driver
Sep  1 08:55:02 localhost kernel: ohci-pci: OHCI PCI platform driver
Sep  1 08:55:02 localhost kernel: uhci_hcd: USB Universal Host Controller Interface driver
Sep  1 08:55:02 localhost kernel: uhci_hcd 0000:02:00.0: UHCI Host Controller
Sep  1 08:55:02 localhost kernel: uhci_hcd 0000:02:00.0: new USB bus registered, assigned bus number 2
Sep  1 08:55:02 localhost kernel: uhci_hcd 0000:02:00.0: detected 2 ports
Sep  1 08:55:02 localhost kernel: uhci_hcd 0000:02:00.0: irq 18, io base 0x00002080
Sep  1 08:55:02 localhost kernel: usb usb2: New USB device found, idVendor=1d6b, idProduct=0001
Sep  1 08:55:02 localhost kernel: usb usb2: New USB device strings: Mfr=3, Product=2, SerialNumber=1
Sep  1 08:55:02 localhost kernel: usb usb2: Product: UHCI Host Controller
Sep  1 08:55:02 localhost kernel: usb usb2: Manufacturer: Linux 3.10.0-862.el7.x86_64 uhci_hcd
Sep  1 08:55:02 localhost kernel: usb usb2: SerialNumber: 0000:02:00.0
Sep  1 08:55:02 localhost kernel: hub 2-0:1.0: USB hub found
Sep  1 08:55:02 localhost kernel: hub 2-0:1.0: 2 ports detected
Sep  1 08:55:02 localhost kernel: usbcore: registered new interface driver usbserial
Sep  1 08:55:02 localhost kernel: usbcore: registered new interface driver usbserial_generic
Sep  1 08:55:02 localhost kernel: usbserial: USB Serial support registered for generic
Sep  1 08:55:02 localhost kernel: i8042: PNP: PS/2 Controller [PNP0303:KBC,PNP0f13:MOUS] at 0x60,0x64 irq 1,12
Sep  1 08:55:02 localhost kernel: serio: i8042 KBD port at 0x60,0x64 irq 1
Sep  1 08:55:02 localhost kernel: serio: i8042 AUX port at 0x60,0x64 irq 12
Sep  1 08:55:02 localhost kernel: mousedev: PS/2 mouse device common for all mice
Sep  1 08:55:02 localhost kernel: rtc_cmos 00:01: rtc core: registered rtc_cmos as rtc0
Sep  1 08:55:02 localhost kernel: rtc_cmos 00:01: alarms up to one month, y3k, 114 bytes nvram, hpet irqs
Sep  1 08:55:02 localhost kernel: cpuidle: using governor menu
Sep  1 08:55:02 localhost kernel: hidraw: raw HID events driver (C) Jiri Kosina
Sep  1 08:55:02 localhost kernel: usbcore: registered new interface driver usbhid
Sep  1 08:55:02 localhost kernel: usbhid: USB HID core driver
Sep  1 08:55:02 localhost kernel: drop_monitor: Initializing network drop monitor service
Sep  1 08:55:02 localhost kernel: TCP: cubic registered
Sep  1 08:55:02 localhost kernel: Initializing XFRM netlink socket
Sep  1 08:55:02 localhost kernel: NET: Registered protocol family 10
Sep  1 08:55:02 localhost kernel: input: AT Translated Set 2 keyboard as /devices/platform/i8042/serio0/input/input1
Sep  1 08:55:02 localhost kernel: input: VirtualPS/2 VMware VMMouse as /devices/platform/i8042/serio1/input/input2
Sep  1 08:55:02 localhost kernel: input: VirtualPS/2 VMware VMMouse as /devices/platform/i8042/serio1/input/input3
Sep  1 08:55:02 localhost kernel: NET: Registered protocol family 17
Sep  1 08:55:02 localhost kernel: mpls_gso: MPLS GSO support
Sep  1 08:55:02 localhost kernel: microcode: CPU0 sig=0x406e3, pf=0x1, revision=0xcc
Sep  1 08:55:02 localhost kernel: microcode: Microcode Update Driver: v2.01 <tigran@aivazian.fsnet.co.uk>, Peter Oruba
Sep  1 08:55:02 localhost kernel: Loading compiled-in X.509 certificates
Sep  1 08:55:02 localhost kernel: Loaded X.509 cert 'CentOS Linux kpatch signing key: ea0413152cde1d98ebdca3fe6f0230904c9ef717'
Sep  1 08:55:02 localhost kernel: Loaded X.509 cert 'CentOS Linux Driver update signing key: 7f421ee0ab69461574bb358861dbe77762a4201b'
Sep  1 08:55:02 localhost kernel: Loaded X.509 cert 'CentOS Linux kernel signing key: 3af3ce8a74696ef1bd0f37e552627b7109e32b96'
Sep  1 08:55:02 localhost kernel: registered taskstats version 1
Sep  1 08:55:02 localhost kernel: Key type trusted registered
Sep  1 08:55:02 localhost kernel: Key type encrypted registered
Sep  1 08:55:02 localhost kernel: IMA: No TPM chip found, activating TPM-bypass! (rc=-19)
Sep  1 08:55:02 localhost kernel:  Magic number: 4:574:941
Sep  1 08:55:02 localhost kernel: rtc_cmos 00:01: setting system clock to 2020-09-01 15:55:02 UTC (1598975702)
Sep  1 08:55:02 localhost kernel: Freeing unused kernel memory: 1832k freed
Sep  1 08:55:02 localhost kernel: Write protecting the kernel read-only data: 12288k
Sep  1 08:55:02 localhost kernel: Freeing unused kernel memory: 856k freed
Sep  1 08:55:02 localhost kernel: Freeing unused kernel memory: 684k freed
Sep  1 08:55:02 localhost kernel: random: systemd: uninitialized urandom read (16 bytes read)
Sep  1 08:55:02 localhost kernel: random: systemd: uninitialized urandom read (16 bytes read)
Sep  1 08:55:02 localhost kernel: random: systemd: uninitialized urandom read (16 bytes read)
Sep  1 08:55:02 localhost systemd[1]: systemd 219 running in system mode. (+PAM +AUDIT +SELINUX +IMA -APPARMOR +SMACK +SYSVINIT +UTMP +LIBCRYPTSETUP +GCRYPT +GNUTLS +ACL +XZ +LZ4 -SECCOMP +BLKID +ELFUTILS +KMOD +IDN)
Sep  1 08:55:02 localhost systemd[1]: Detected virtualization vmware.
Sep  1 08:55:02 localhost systemd[1]: Detected architecture x86-64.
Sep  1 08:55:02 localhost systemd[1]: Running in initial RAM disk.
Sep  1 08:55:02 localhost systemd[1]: Set hostname to <localhost.localdomain>.
Sep  1 08:55:02 localhost kernel: random: systemd: uninitialized urandom read (16 bytes read)
Sep  1 08:55:02 localhost kernel: random: systemd: uninitialized urandom read (16 bytes read)
Sep  1 08:55:02 localhost kernel: random: systemd: uninitialized urandom read (16 bytes read)
Sep  1 08:55:02 localhost kernel: random: systemd: uninitialized urandom read (16 bytes read)
Sep  1 08:55:02 localhost kernel: random: systemd: uninitialized urandom read (16 bytes read)
Sep  1 08:55:02 localhost kernel: random: systemd: uninitialized urandom read (16 bytes read)
Sep  1 08:55:02 localhost kernel: random: systemd: uninitialized urandom read (16 bytes read)
Sep  1 08:55:02 localhost systemd[1]: Reached target Timers.
Sep  1 08:55:02 localhost systemd[1]: Starting Timers.
Sep  1 08:55:02 localhost systemd[1]: Reached target Swap.
Sep  1 08:55:02 localhost systemd[1]: Starting Swap.
Sep  1 08:55:02 localhost systemd[1]: Reached target Local File Systems.
Sep  1 08:55:02 localhost systemd[1]: Starting Local File Systems.
Sep  1 08:55:02 localhost systemd[1]: Created slice Root Slice.
Sep  1 08:55:02 localhost systemd[1]: Starting Root Slice.
Sep  1 08:55:02 localhost systemd[1]: Listening on udev Control Socket.
Sep  1 08:55:02 localhost systemd[1]: Starting udev Control Socket.
Sep  1 08:55:02 localhost systemd[1]: Listening on udev Kernel Socket.
Sep  1 08:55:02 localhost systemd[1]: Starting udev Kernel Socket.
Sep  1 08:55:02 localhost systemd[1]: Created slice System Slice.
Sep  1 08:55:02 localhost systemd[1]: Starting System Slice.
Sep  1 08:55:02 localhost systemd[1]: Reached target Slices.
Sep  1 08:55:02 localhost systemd[1]: Starting Slices.
Sep  1 08:55:02 localhost systemd[1]: Listening on Journal Socket.
Sep  1 08:55:02 localhost systemd[1]: Starting Journal Socket.
Sep  1 08:55:02 localhost systemd[1]: Starting Journal Service...
Sep  1 08:55:02 localhost systemd[1]: Starting Create list of required static device nodes for the current kernel...
Sep  1 08:55:02 localhost systemd[1]: Starting Apply Kernel Variables...
Sep  1 08:55:02 localhost systemd[1]: Reached target Sockets.
Sep  1 08:55:02 localhost systemd[1]: Starting Sockets.
Sep  1 08:55:02 localhost systemd[1]: Starting dracut cmdline hook...
Sep  1 08:55:02 localhost systemd[1]: Starting Setup Virtual Console...
Sep  1 08:55:02 localhost systemd[1]: Started Apply Kernel Variables.
Sep  1 08:55:02 localhost systemd[1]: Started Create list of required static device nodes for the current kernel.
Sep  1 08:55:02 localhost systemd[1]: Starting Create Static Device Nodes in /dev...
Sep  1 08:55:02 localhost systemd[1]: Started Create Static Device Nodes in /dev.
Sep  1 08:55:02 localhost kernel: usb 2-1: new full-speed USB device number 2 using uhci_hcd
Sep  1 08:55:02 localhost journal: Journal started
Sep  1 08:55:02 localhost systemd[1]: Started Journal Service.
Sep  1 08:55:02 localhost systemd: Started Setup Virtual Console.
Sep  1 08:55:02 localhost systemd: Started dracut cmdline hook.
Sep  1 08:55:02 localhost systemd: Starting dracut pre-udev hook...
Sep  1 08:55:02 localhost systemd: Started dracut pre-udev hook.
Sep  1 08:55:02 localhost systemd: Starting udev Kernel Device Manager...
Sep  1 08:55:02 localhost kernel: usb 2-1: New USB device found, idVendor=0e0f, idProduct=0003
Sep  1 08:55:02 localhost kernel: usb 2-1: New USB device strings: Mfr=1, Product=2, SerialNumber=0
Sep  1 08:55:02 localhost kernel: usb 2-1: Product: VMware Virtual USB Mouse
Sep  1 08:55:02 localhost kernel: usb 2-1: Manufacturer: VMware
Sep  1 08:55:02 localhost systemd-udevd: starting version 219
Sep  1 08:55:02 localhost systemd: Started udev Kernel Device Manager.
Sep  1 08:55:02 localhost systemd: Starting udev Coldplug all Devices...
Sep  1 08:55:02 localhost kernel: input: VMware VMware Virtual USB Mouse as /devices/pci0000:00/0000:00:11.0/0000:02:00.0/usb2/2-1/2-1:1.0/input/input4
Sep  1 08:55:02 localhost kernel: hid-generic 0003:0E0F:0003.0001: input,hidraw0: USB HID v1.10 Mouse [VMware VMware Virtual USB Mouse] on usb-0000:02:00.0-1/input0
Sep  1 08:55:02 localhost systemd: Mounting Configuration File System...
Sep  1 08:55:02 localhost systemd: Mounted Configuration File System.
Sep  1 08:55:03 localhost kernel: usb 2-2: new full-speed USB device number 3 using uhci_hcd
Sep  1 08:55:03 localhost systemd: Started udev Coldplug all Devices.
